[0.016s][info][gc] Using Parallel
[0.020s][info][gc,init] Version: 17.0.11+1-LTS (release)
[0.020s][info][gc,init] CPUs: 8 total, 8 available
[0.021s][info][gc,init] Memory: 7896M
[0.021s][info][gc,init] Large Page Support: Disabled
[0.021s][info][gc,init] NUMA Support: Disabled
[0.021s][info][gc,init] Compressed Oops: Enabled (32-bit)
[0.021s][info][gc,init] Alignments: Space 512K, Generation 512K, Heap 2M
[0.021s][info][gc,init] Heap Min Capacity: 512M
[0.021s][info][gc,init] Heap Initial Capacity: 512M
[0.021s][info][gc,init] Heap Max Capacity: 512M
[0.021s][info][gc,init] Pre-touch: Disabled
[0.021s][info][gc,init] Parallel Workers: 8
[0.044s][info][gc,metaspace] CDS archive(s) mapped at: [0x000078a477000000-0x000078a477bbb000-0x000078a477bbb000), size 12300288, SharedBaseAddress: 0x000078a477000000, ArchiveRelocationMode: 1.
[0.045s][info][gc,metaspace] Compressed class space mapped at: 0x000078a478000000-0x000078a4b8000000, reserved size: 1073741824
[0.045s][info][gc,metaspace] Narrow klass base: 0x000078a477000000, Narrow klass shift: 0, Narrow klass range: 0x100000000
[0.459s][info][gc,start    ] GC(0) Pause Young (Allocation Failure)
[0.500s][info][gc,heap     ] GC(0) PSYoungGen: 123167K(153088K)->21460K(153088K) Eden: 123167K(131584K)->0K(131584K) From: 0K(21504K)->21460K(21504K)
[0.500s][info][gc,heap     ] GC(0) ParOldGen: 0K(349696K)->92168K(349696K)
[0.500s][info][gc,metaspace] GC(0) Metaspace: 736K(896K)->736K(896K) NonClass: 678K(768K)->678K(768K) Class: 57K(128K)->57K(128K)
[0.500s][info][gc          ] GC(0) Pause Young (Allocation Failure) 120M->110M(491M) 40.767ms
[0.500s][info][gc,cpu      ] GC(0) User=0.06s Sys=0.14s Real=0.04s
[0.657s][info][gc,start    ] GC(1) Pause Young (Allocation Failure)
[0.701s][info][gc,heap     ] GC(1) PSYoungGen: 146860K(153088K)->21460K(153088K) Eden: 125399K(131584K)->0K(131584K) From: 21460K(21504K)->21460K(21504K)
[0.701s][info][gc,heap     ] GC(1) ParOldGen: 92168K(349696K)->215056K(349696K)
[0.701s][info][gc,metaspace] GC(1) Metaspace: 736K(896K)->736K(896K) NonClass: 678K(768K)->678K(768K) Class: 57K(128K)->57K(128K)
[0.701s][info][gc          ] GC(1) Pause Young (Allocation Failure) 233M->230M(491M) 44.177ms
[0.701s][info][gc,cpu      ] GC(1) User=0.07s Sys=0.17s Real=0.05s
[0.844s][info][gc,start    ] GC(2) Pause Young (Allocation Failure)
[0.883s][info][gc,heap     ] GC(2) PSYoungGen: 146816K(153088K)->21396K(153088K) Eden: 125355K(131584K)->0K(131584K) From: 21460K(21504K)->21396K(21504K)
[0.883s][info][gc,heap     ] GC(2) ParOldGen: 215056K(349696K)->337936K(349696K)
[0.883s][info][gc,metaspace] GC(2) Metaspace: 736K(896K)->736K(896K) NonClass: 678K(768K)->678K(768K) Class: 57K(128K)->57K(128K)
[0.883s][info][gc          ] GC(2) Pause Young (Allocation Failure) 353M->350M(491M) 38.993ms
[0.883s][info][gc,cpu      ] GC(2) User=0.09s Sys=0.13s Real=0.04s
[0.883s][info][gc,start    ] GC(3) Pause Full (Ergonomics)
[0.883s][info][gc,phases,start] GC(3) Marking Phase
[0.887s][info][gc,phases      ] GC(3) Marking Phase 3.977ms
[0.888s][info][gc,phases,start] GC(3) Summary Phase
[0.888s][info][gc,phases      ] GC(3) Summary Phase 0.043ms
[0.888s][info][gc,phases,start] GC(3) Adjust Roots
[0.888s][info][gc,phases      ] GC(3) Adjust Roots 0.734ms
[0.888s][info][gc,phases,start] GC(3) Compaction Phase
[0.918s][info][gc,phases      ] GC(3) Compaction Phase 29.987ms
[0.918s][info][gc,phases,start] GC(3) Post Compact
[0.939s][info][gc,phases      ] GC(3) Post Compact 20.127ms
[0.939s][info][gc,heap        ] GC(3) PSYoungGen: 21396K(153088K)->10615K(153088K) Eden: 0K(131584K)->0K(131584K) From: 21396K(21504K)->10615K(21504K)
[0.939s][info][gc,heap        ] GC(3) ParOldGen: 337936K(349696K)->348665K(349696K)
[0.939s][info][gc,metaspace   ] GC(3) Metaspace: 736K(896K)->736K(896K) NonClass: 678K(768K)->678K(768K) Class: 57K(128K)->57K(128K)
[0.939s][info][gc             ] GC(3) Pause Full (Ergonomics) 350M->350M(491M) 55.273ms
[0.939s][info][gc,cpu         ] GC(3) User=0.16s Sys=0.05s Real=0.06s
[1.088s][info][gc,start       ] GC(4) Pause Full (Ergonomics)
[1.088s][info][gc,phases,start] GC(4) Marking Phase
[1.092s][info][gc,phases      ] GC(4) Marking Phase 3.992ms
[1.092s][info][gc,phases,start] GC(4) Summary Phase
[1.092s][info][gc,phases      ] GC(4) Summary Phase 0.023ms
[1.092s][info][gc,phases,start] GC(4) Adjust Roots
[1.093s][info][gc,phases      ] GC(4) Adjust Roots 0.523ms
[1.093s][info][gc,phases,start] GC(4) Compaction Phase
[1.106s][info][gc,phases      ] GC(4) Compaction Phase 13.260ms
[1.106s][info][gc,phases,start] GC(4) Post Compact
[1.114s][info][gc,phases      ] GC(4) Post Compact 7.967ms
[1.114s][info][gc,heap        ] GC(4) PSYoungGen: 136007K(153088K)->133495K(153088K) Eden: 125392K(131584K)->122880K(131584K) From: 10615K(21504K)->10615K(21504K)
[1.114s][info][gc,heap        ] GC(4) ParOldGen: 348665K(349696K)->348665K(349696K)
[1.114s][info][gc,metaspace   ] GC(4) Metaspace: 736K(896K)->736K(896K) NonClass: 678K(768K)->678K(768K) Class: 57K(128K)->57K(128K)
[1.114s][info][gc             ] GC(4) Pause Full (Ergonomics) 473M->470M(491M) 26.245ms
[1.114s][info][gc,cpu         ] GC(4) User=0.05s Sys=0.02s Real=0.03s
[1.114s][info][gc,start       ] GC(5) Pause Full (Allocation Failure)
[1.114s][info][gc,phases,start] GC(5) Marking Phase
[1.118s][info][gc,phases      ] GC(5) Marking Phase 3.446ms
[1.118s][info][gc,phases,start] GC(5) Summary Phase
[1.118s][info][gc,phases      ] GC(5) Summary Phase 0.026ms
[1.118s][info][gc,phases,start] GC(5) Adjust Roots
[1.119s][info][gc,phases      ] GC(5) Adjust Roots 0.903ms
[1.119s][info][gc,phases,start] GC(5) Compaction Phase
[1.123s][info][gc,phases      ] GC(5) Compaction Phase 4.289ms
[1.123s][info][gc,phases,start] GC(5) Post Compact
[1.126s][info][gc,phases      ] GC(5) Post Compact 2.998ms
[1.126s][info][gc,heap        ] GC(5) PSYoungGen: 133495K(153088K)->133490K(153088K) Eden: 122880K(131584K)->122880K(131584K) From: 10615K(21504K)->10610K(21504K)
[1.126s][info][gc,heap        ] GC(5) ParOldGen: 348665K(349696K)->348664K(349696K)
[1.126s][info][gc,metaspace   ] GC(5) Metaspace: 736K(896K)->736K(896K) NonClass: 678K(768K)->678K(768K) Class: 57K(128K)->57K(128K)
[1.126s][info][gc             ] GC(5) Pause Full (Allocation Failure) 470M->470M(491M) 11.963ms
[1.126s][info][gc,cpu         ] GC(5) User=0.02s Sys=0.00s Real=0.01s
[1.134s][info][gc,heap,exit   ] Heap
[1.134s][info][gc,heap,exit   ]  PSYoungGen      total 153088K, used 139898K [0x00000000f5580000, 0x0000000100000000, 0x0000000100000000)
[1.134s][info][gc,heap,exit   ]   eden space 131584K, 98% used [0x00000000f5580000,0x00000000fd3c20d0,0x00000000fd600000)
[1.134s][info][gc,heap,exit   ]   from space 21504K, 49% used [0x00000000fd600000,0x00000000fe05ca78,0x00000000feb00000)
[1.134s][info][gc,heap,exit   ]   to   space 21504K, 0% used [0x00000000feb00000,0x00000000feb00000,0x0000000100000000)
[1.134s][info][gc,heap,exit   ]  ParOldGen       total 349696K, used 348664K [0x00000000e0000000, 0x00000000f5580000, 0x00000000f5580000)
[1.134s][info][gc,heap,exit   ]   object space 349696K, 99% used [0x00000000e0000000,0x00000000f547e150,0x00000000f5580000)
[1.134s][info][gc,heap,exit   ]  Metaspace       used 754K, committed 896K, reserved 1114112K
[1.134s][info][gc,heap,exit   ]   class space    used 58K, committed 128K, reserved 1048576K
