[0.003s][info][gc] Min heap equals to max heap, disabling ShenandoahUncommit
[0.018s][info][gc] Heuristics ergonomically sets -XX:+ExplicitGCInvokesConcurrent
[0.018s][info][gc] Heuristics ergonomically sets -XX:+ShenandoahImplicitGCInvokesConcurrent
[0.019s][info][gc] Using Shenandoah
[0.021s][info][gc,ergo] Pacer for Idle. Initial: 10485K, Alloc Tax Rate: 1.0x
[0.021s][info][gc,init] Version: 17.0.11+1-LTS (release)
[0.021s][info][gc,init] CPUs: 8 total, 8 available
[0.022s][info][gc,init] Memory: 7896M
[0.022s][info][gc,init] Large Page Support: Disabled
[0.022s][info][gc,init] NUMA Support: Disabled
[0.022s][info][gc,init] Compressed Oops: Enabled (32-bit)
[0.022s][info][gc,init] Heap Min Capacity: 512M
[0.022s][info][gc,init] Heap Initial Capacity: 512M
[0.022s][info][gc,init] Heap Max Capacity: 512M
[0.022s][info][gc,init] Pre-touch: Disabled
[0.022s][info][gc,init] Mode: Snapshot-At-The-Beginning (SATB)
[0.022s][info][gc,init] Heuristics: Adaptive
[0.022s][info][gc,init] Heap Region Count: 2048
[0.022s][info][gc,init] Heap Region Size: 256K
[0.022s][info][gc,init] TLAB Size Max: 256K
[0.022s][info][gc,init] Humongous Object Threshold: 256K
[0.022s][info][gc,init] Parallel Workers: 4
[0.022s][info][gc,init] Concurrent Workers: 2
[0.043s][info][gc,metaspace] CDS archive(s) mapped at: [0x0000775897000000-0x0000775897bbb000-0x0000775897bbb000), size 12300288, SharedBaseAddress: 0x0000775897000000, ArchiveRelocationMode: 1.
[0.043s][info][gc,metaspace] Compressed class space mapped at: 0x0000775898000000-0x00007758d8000000, reserved size: 1073741824
[0.043s][info][gc,metaspace] Narrow klass base: 0x0000775897000000, Narrow klass shift: 0, Narrow klass range: 0x100000000
[0.507s][info][gc          ] Trigger: Learning 1 of 5. Free (350M) is below initial threshold (358M)
[0.507s][info][gc,ergo     ] Free: 350M, Max: 256K regular, 350M humongous, Frag: 0% external, 0% internal; Reserve: 26368K, Max: 256K
[0.507s][info][gc,start    ] GC(0) Concurrent reset
[0.508s][info][gc,task     ] GC(0) Using 2 of 4 workers for concurrent reset
[0.508s][info][gc,ergo     ] GC(0) Pacer for Reset. Non-Taxable: 512M
[0.508s][info][gc          ] GC(0) Concurrent reset 0.996ms
[0.522s][info][gc,start    ] GC(0) Pause Init Mark (unload classes)
[0.523s][info][gc,task     ] GC(0) Using 4 of 4 workers for init marking
[0.523s][info][gc,ergo     ] GC(0) Pacer for Mark. Expected Live: 52428K, Free: 350M, Non-Taxable: 35916K, Alloc Tax Rate: 0.2x
[0.523s][info][gc          ] GC(0) Pause Init Mark (unload classes) 1.261ms
[0.523s][info][gc,start    ] GC(0) Concurrent marking roots
[0.523s][info][gc,task     ] GC(0) Using 2 of 4 workers for concurrent marking roots
[0.524s][info][gc          ] GC(0) Concurrent marking roots 1.149ms
[0.525s][info][gc,start    ] GC(0) Concurrent marking (unload classes)
[0.525s][info][gc,task     ] GC(0) Using 2 of 4 workers for concurrent marking
[0.527s][info][gc          ] GC(0) Concurrent marking (unload classes) 2.140ms
[0.527s][info][gc,start    ] GC(0) Pause Final Mark (unload classes)
[0.527s][info][gc,task     ] GC(0) Using 4 of 4 workers for final marking
[0.527s][info][gc,ergo     ] GC(0) Adaptive CSet Selection. Target Free: 74274K, Actual Free: 376M, Max CSet: 21845K, Min Garbage: 0B
[0.527s][info][gc,ergo     ] GC(0) Collectable Garbage: 1340K (94%), Immediate: 0B (0%), CSet: 1340K (94%)
[0.527s][info][gc,ergo     ] GC(0) Pacer for Evacuation. Used CSet: 1792K, Free: 350M, Non-Taxable: 35916K, Alloc Tax Rate: 1.1x
[0.527s][info][gc          ] GC(0) Pause Final Mark (unload classes) 0.665ms
[0.527s][info][gc,start    ] GC(0) Concurrent thread roots
[0.527s][info][gc,task     ] GC(0) Using 2 of 4 workers for Concurrent thread roots
[0.528s][info][gc          ] GC(0) Concurrent thread roots 0.682ms
[0.528s][info][gc,start    ] GC(0) Concurrent weak references
[0.528s][info][gc,task     ] GC(0) Using 2 of 4 workers for concurrent weak references
[0.528s][info][gc,ref      ] GC(0) Encountered references: Soft: 45, Weak: 122, Final: 0, Phantom: 33
[0.528s][info][gc,ref      ] GC(0) Discovered  references: Soft: 0, Weak: 62, Final: 0, Phantom: 31
[0.528s][info][gc,ref      ] GC(0) Enqueued    references: Soft: 0, Weak: 23, Final: 0, Phantom: 15
[0.529s][info][gc          ] GC(0) Concurrent weak references 0.318ms
[0.529s][info][gc,start    ] GC(0) Concurrent weak roots
[0.529s][info][gc,task     ] GC(0) Using 2 of 4 workers for concurrent weak root
[0.529s][info][gc          ] GC(0) Concurrent weak roots 0.829ms
[0.529s][info][gc,start    ] GC(0) Concurrent cleanup
[0.530s][info][gc          ] GC(0) Concurrent cleanup 132M->132M(512M) 0.133ms
[0.530s][info][gc,ergo     ] GC(0) Free: 350M, Max: 256K regular, 350M humongous, Frag: 0% external, 0% internal; Reserve: 26315K, Max: 256K
[0.530s][info][gc,start    ] GC(0) Concurrent class unloading
[0.530s][info][gc,task     ] GC(0) Using 2 of 4 workers for concurrent class unloading
[0.531s][info][gc          ] GC(0) Concurrent class unloading 1.173ms
[0.531s][info][gc,start    ] GC(0) Concurrent strong roots
[0.531s][info][gc,task     ] GC(0) Using 2 of 4 workers for concurrent strong root
[0.531s][info][gc          ] GC(0) Concurrent strong roots 0.534ms
[0.531s][info][gc,start    ] GC(0) Concurrent evacuation
[0.531s][info][gc,task     ] GC(0) Using 2 of 4 workers for concurrent evacuation
[0.532s][info][gc          ] GC(0) Concurrent evacuation 0.876ms
[0.532s][info][gc,start    ] GC(0) Pause Init Update Refs
[0.532s][info][gc,ergo     ] GC(0) Pacer for Update Refs. Used: 133M, Free: 350M, Non-Taxable: 35916K, Alloc Tax Rate: 1.1x
[0.532s][info][gc          ] GC(0) Pause Init Update Refs 0.039ms
[0.532s][info][gc,start    ] GC(0) Concurrent update references
[0.532s][info][gc,task     ] GC(0) Using 2 of 4 workers for concurrent reference update
[0.534s][info][gc          ] GC(0) Concurrent update references 1.739ms
[0.534s][info][gc,start    ] GC(0) Concurrent update thread roots
[0.550s][info][gc          ] GC(0) Concurrent update thread roots 15.779ms
[0.550s][info][gc,start    ] GC(0) Pause Final Update Refs
[0.550s][info][gc,task     ] GC(0) Using 4 of 4 workers for final reference update
[0.550s][info][gc          ] GC(0) Pause Final Update Refs 0.352ms
[0.551s][info][gc,start    ] GC(0) Concurrent cleanup
[0.551s][info][gc          ] GC(0) Concurrent cleanup 143M->141M(512M) 0.136ms
[0.551s][info][gc,ergo     ] Free: 341M, Max: 256K regular, 339M humongous, Frag: 1% external, 0% internal; Reserve: 26368K, Max: 256K
[0.551s][info][gc,stats    ] 
[0.551s][info][gc,stats    ] All times are wall-clock times, except per-root-class counters, that are sum over
[0.551s][info][gc,stats    ] all workers. Dividing the <total> over the root stage time estimates parallelism.
[0.551s][info][gc,stats    ] 
[0.551s][info][gc,stats    ] Concurrent Reset                   1030 us
[0.551s][info][gc,stats    ] Pause Init Mark (G)               14888 us
[0.551s][info][gc,stats    ] Pause Init Mark (N)                1276 us
[0.551s][info][gc,stats    ]   Update Region States              170 us
[0.551s][info][gc,stats    ] Concurrent Mark Roots              1181 us, parallelism: 1.31x
[0.551s][info][gc,stats    ]   CMR: <total>                     1545 us
[0.551s][info][gc,stats    ]   CMR: Thread Roots                 711 us, workers (us): 218, 493, ---, ---, 
[0.551s][info][gc,stats    ]   CMR: VM Strong Roots              592 us, workers (us): 590,   1, ---, ---, 
[0.551s][info][gc,stats    ]   CMR: CLDG Roots                   243 us, workers (us): ---, 243, ---, ---, 
[0.551s][info][gc,stats    ] Concurrent Marking                 2180 us
[0.551s][info][gc,stats    ] Pause Final Mark (G)                738 us
[0.551s][info][gc,stats    ] Pause Final Mark (N)                680 us
[0.551s][info][gc,stats    ]   Finish Mark                       307 us
[0.551s][info][gc,stats    ]   Update Region States              186 us
[0.551s][info][gc,stats    ]   Choose Collection Set             106 us
[0.551s][info][gc,stats    ]   Rebuild Free Set                   18 us
[0.551s][info][gc,stats    ] Concurrent Thread Roots             769 us, parallelism: 0.88x
[0.551s][info][gc,stats    ]   CTR: <total>                      676 us
[0.551s][info][gc,stats    ]   CTR: Thread Roots                 676 us, workers (us): 195, 481, ---, ---, 
[0.551s][info][gc,stats    ] Concurrent Weak References          347 us, parallelism: 0.07x
[0.551s][info][gc,stats    ]   CWRF: <total>                      26 us
[0.551s][info][gc,stats    ]   CWRF: Weak References              26 us, workers (us):  26,   0, ---, ---, 
[0.551s][info][gc,stats    ] Concurrent Weak Roots               872 us
[0.551s][info][gc,stats    ]   Roots                             743 us, parallelism: 0.30x
[0.551s][info][gc,stats    ]     CWR: <total>                    225 us
[0.551s][info][gc,stats    ]     CWR: Code Cache Roots            94 us, workers (us):  93,   1, ---, ---, 
[0.551s][info][gc,stats    ]     CWR: VM Weak Roots              128 us, workers (us): 119,   9, ---, ---, 
[0.551s][info][gc,stats    ]     CWR: CLDG Roots                   3 us, workers (us): ---,   3, ---, ---, 
[0.551s][info][gc,stats    ]   Rendezvous                         49 us
[0.551s][info][gc,stats    ] Concurrent Cleanup                  147 us
[0.551s][info][gc,stats    ] Concurrent Class Unloading         1233 us
[0.551s][info][gc,stats    ]   Unlink Stale                      757 us
[0.551s][info][gc,stats    ]     System Dictionary                 6 us
[0.551s][info][gc,stats    ]     Weak Class Links                  0 us
[0.551s][info][gc,stats    ]     Code Roots                      750 us
[0.551s][info][gc,stats    ]   Rendezvous                         59 us
[0.551s][info][gc,stats    ]   Purge Unlinked                    324 us
[0.551s][info][gc,stats    ]     Code Roots                      310 us
[0.551s][info][gc,stats    ]     CLDG                             13 us
[0.551s][info][gc,stats    ]     Exception Caches                  1 us
[0.551s][info][gc,stats    ] Concurrent Strong Roots             577 us, parallelism: 0.37x
[0.551s][info][gc,stats    ]   CSR: <total>                      213 us
[0.551s][info][gc,stats    ]   CSR: VM Strong Roots               13 us, workers (us):  13,   1, ---, ---, 
[0.551s][info][gc,stats    ]   CSR: CLDG Roots                   200 us, workers (us): 200, ---, ---, ---, 
[0.551s][info][gc,stats    ] Concurrent Evacuation               924 us
[0.551s][info][gc,stats    ] Pause Init Update Refs (G)          130 us
[0.551s][info][gc,stats    ] Pause Init Update Refs (N)           52 us
[0.551s][info][gc,stats    ]   Manage GCLABs                       4 us
[0.551s][info][gc,stats    ] Concurrent Update Refs             1780 us
[0.551s][info][gc,stats    ] Concurrent Update Thread Roots    15846 us
[0.551s][info][gc,stats    ] Pause Final Update Refs (G)         458 us
[0.552s][info][gc,stats    ] Pause Final Update Refs (N)         396 us
[0.552s][info][gc,stats    ]   Update Region States              269 us
[0.552s][info][gc,stats    ]   Trash Collection Set                5 us
[0.552s][info][gc,stats    ]   Rebuild Free Set                   34 us
[0.552s][info][gc,stats    ] Concurrent Cleanup                  151 us
[0.552s][info][gc,stats    ] 
[0.552s][info][gc,stats    ] Allocation pacing accrued:
[0.552s][info][gc,stats    ]       0 of   531 ms (  0.0%): <total>
[0.552s][info][gc,stats    ]       0 of   531 ms (  0.0%): <average total>
[0.552s][info][gc,stats    ] 
[0.552s][info][gc,metaspace] Metaspace: 738K(896K)->738K(896K) NonClass: 680K(768K)->680K(768K) Class: 57K(128K)->57K(128K)
[0.552s][info][gc,ergo     ] Pacer for Idle. Initial: 10485K, Alloc Tax Rate: 1.0x
[0.553s][info][gc          ] Trigger: Learning 2 of 5. Free (341M) is below initial threshold (358M)
[0.553s][info][gc,ergo     ] Free: 341M, Max: 256K regular, 339M humongous, Frag: 1% external, 0% internal; Reserve: 26368K, Max: 256K
[0.553s][info][gc,start    ] GC(1) Concurrent reset
[0.553s][info][gc,task     ] GC(1) Using 2 of 4 workers for concurrent reset
[0.553s][info][gc,ergo     ] GC(1) Pacer for Reset. Non-Taxable: 512M
[0.557s][info][gc          ] GC(1) Concurrent reset 4.088ms
[0.557s][info][gc,start    ] GC(1) Pause Init Mark (unload classes)
[0.557s][info][gc,task     ] GC(1) Using 4 of 4 workers for init marking
[0.558s][info][gc,ergo     ] GC(1) Pacer for Mark. Expected Live: 130M, Free: 341M, Non-Taxable: 34969K, Alloc Tax Rate: 0.5x
[0.558s][info][gc          ] GC(1) Pause Init Mark (unload classes) 0.378ms
[0.558s][info][gc,start    ] GC(1) Concurrent marking roots
[0.558s][info][gc,task     ] GC(1) Using 2 of 4 workers for concurrent marking roots
[0.559s][info][gc          ] GC(1) Concurrent marking roots 0.899ms
[0.559s][info][gc,start    ] GC(1) Concurrent marking (unload classes)
[0.559s][info][gc,task     ] GC(1) Using 2 of 4 workers for concurrent marking
[0.574s][info][gc          ] GC(1) Concurrent marking (unload classes) 15.491ms
[0.574s][info][gc,start    ] GC(1) Pause Final Mark (unload classes)
[0.574s][info][gc,task     ] GC(1) Using 4 of 4 workers for final marking
[0.575s][info][gc,ergo     ] GC(1) Adaptive CSet Selection. Target Free: 74274K, Actual Free: 357M, Max CSet: 21845K, Min Garbage: 0B
[0.575s][info][gc,ergo     ] GC(1) Collectable Garbage: 244K (61%), Immediate: 0B (0%), CSet: 244K (61%)
[0.575s][info][gc,ergo     ] GC(1) Pacer for Evacuation. Used CSet: 256K, Free: 331M, Non-Taxable: 33920K, Alloc Tax Rate: 1.1x
[0.575s][info][gc          ] GC(1) Pause Final Mark (unload classes) 0.699ms
[0.575s][info][gc,start    ] GC(1) Concurrent thread roots
[0.575s][info][gc,task     ] GC(1) Using 2 of 4 workers for Concurrent thread roots
[0.576s][info][gc          ] GC(1) Concurrent thread roots 0.628ms
[0.576s][info][gc,start    ] GC(1) Concurrent weak references
[0.576s][info][gc,task     ] GC(1) Using 2 of 4 workers for concurrent weak references
[0.576s][info][gc,ref      ] GC(1) Encountered references: Soft: 45, Weak: 99, Final: 0, Phantom: 18
[0.576s][info][gc,ref      ] GC(1) Discovered  references: Soft: 0, Weak: 33, Final: 0, Phantom: 16
[0.576s][info][gc,ref      ] GC(1) Enqueued    references: Soft: 0, Weak: 0, Final: 0, Phantom: 0
[0.576s][info][gc          ] GC(1) Concurrent weak references 0.353ms
[0.576s][info][gc,start    ] GC(1) Concurrent weak roots
[0.576s][info][gc,task     ] GC(1) Using 2 of 4 workers for concurrent weak root
[0.576s][info][gc          ] GC(1) Concurrent weak roots 0.295ms
[0.576s][info][gc,start    ] GC(1) Concurrent cleanup
[0.577s][info][gc          ] GC(1) Concurrent cleanup 151M->151M(512M) 0.134ms
[0.577s][info][gc,ergo     ] GC(1) Free: 331M, Max: 256K regular, 329M humongous, Frag: 1% external, 0% internal; Reserve: 26368K, Max: 256K
[0.577s][info][gc,start    ] GC(1) Concurrent class unloading
[0.577s][info][gc,task     ] GC(1) Using 2 of 4 workers for concurrent class unloading
[0.577s][info][gc          ] GC(1) Concurrent class unloading 0.568ms
[0.577s][info][gc,start    ] GC(1) Concurrent strong roots
[0.577s][info][gc,task     ] GC(1) Using 2 of 4 workers for concurrent strong root
[0.577s][info][gc          ] GC(1) Concurrent strong roots 0.135ms
[0.577s][info][gc,start    ] GC(1) Concurrent evacuation
[0.577s][info][gc,task     ] GC(1) Using 2 of 4 workers for concurrent evacuation
[0.578s][info][gc          ] GC(1) Concurrent evacuation 0.303ms
[0.578s][info][gc,start    ] GC(1) Pause Init Update Refs
[0.578s][info][gc,ergo     ] GC(1) Pacer for Update Refs. Used: 151M, Free: 331M, Non-Taxable: 33920K, Alloc Tax Rate: 1.1x
[0.578s][info][gc          ] GC(1) Pause Init Update Refs 0.055ms
[0.578s][info][gc,start    ] GC(1) Concurrent update references
[0.578s][info][gc,task     ] GC(1) Using 2 of 4 workers for concurrent reference update
[0.579s][info][gc          ] GC(1) Concurrent update references 1.373ms
[0.579s][info][gc,start    ] GC(1) Concurrent update thread roots
[0.580s][info][gc          ] GC(1) Concurrent update thread roots 0.608ms
[0.580s][info][gc,start    ] GC(1) Pause Final Update Refs
[0.580s][info][gc,task     ] GC(1) Using 4 of 4 workers for final reference update
[0.580s][info][gc          ] GC(1) Pause Final Update Refs 0.212ms
[0.580s][info][gc,start    ] GC(1) Concurrent cleanup
[0.580s][info][gc          ] GC(1) Concurrent cleanup 151M->151M(512M) 0.134ms
[0.581s][info][gc,ergo     ] Free: 331M, Max: 256K regular, 329M humongous, Frag: 1% external, 0% internal; Reserve: 26368K, Max: 256K
[0.581s][info][gc,stats    ] 
[0.581s][info][gc,stats    ] All times are wall-clock times, except per-root-class counters, that are sum over
[0.581s][info][gc,stats    ] all workers. Dividing the <total> over the root stage time estimates parallelism.
[0.581s][info][gc,stats    ] 
[0.581s][info][gc,stats    ] Concurrent Reset                   4165 us
[0.581s][info][gc,stats    ] Pause Init Mark (G)                 499 us
[0.581s][info][gc,stats    ] Pause Init Mark (N)                 399 us
[0.581s][info][gc,stats    ]   Update Region States              252 us
[0.581s][info][gc,stats    ] Concurrent Mark Roots               945 us, parallelism: 0.85x
[0.581s][info][gc,stats    ]   CMR: <total>                      799 us
[0.581s][info][gc,stats    ]   CMR: Thread Roots                 678 us, workers (us): 496, 182, ---, ---, 
[0.581s][info][gc,stats    ]   CMR: VM Strong Roots               38 us, workers (us):  38,   1, ---, ---, 
[0.581s][info][gc,stats    ]   CMR: CLDG Roots                    82 us, workers (us):  82, ---, ---, ---, 
[0.581s][info][gc,stats    ] Concurrent Marking                15557 us
[0.581s][info][gc,stats    ] Pause Final Mark (G)                771 us
[0.581s][info][gc,stats    ] Pause Final Mark (N)                713 us
[0.581s][info][gc,stats    ]   Finish Mark                       356 us
[0.581s][info][gc,stats    ]   Update Region States              173 us
[0.581s][info][gc,stats    ]   Choose Collection Set              98 us
[0.581s][info][gc,stats    ]   Rebuild Free Set                   17 us
[0.581s][info][gc,stats    ] Concurrent Thread Roots             703 us, parallelism: 0.80x
[0.581s][info][gc,stats    ]   CTR: <total>                      565 us
[0.581s][info][gc,stats    ]   CTR: Thread Roots                 565 us, workers (us): 430, 135, ---, ---, 
[0.581s][info][gc,stats    ] Concurrent Weak References          367 us, parallelism: 0.03x
[0.581s][info][gc,stats    ]   CWRF: <total>                      11 us
[0.581s][info][gc,stats    ]   CWRF: Weak References              11 us, workers (us):   7,   4, ---, ---, 
[0.581s][info][gc,stats    ] Concurrent Weak Roots               327 us
[0.581s][info][gc,stats    ]   Roots                             219 us, parallelism: 0.64x
[0.581s][info][gc,stats    ]     CWR: <total>                    140 us
[0.581s][info][gc,stats    ]     CWR: Code Cache Roots            89 us, workers (us):  89,   1, ---, ---, 
[0.581s][info][gc,stats    ]     CWR: VM Weak Roots               48 us, workers (us):  28,  21, ---, ---, 
[0.581s][info][gc,stats    ]     CWR: CLDG Roots                   3 us, workers (us): ---,   3, ---, ---, 
[0.581s][info][gc,stats    ]   Rendezvous                         48 us
[0.581s][info][gc,stats    ] Concurrent Cleanup                  150 us
[0.581s][info][gc,stats    ] Concurrent Class Unloading          601 us
[0.581s][info][gc,stats    ]   Unlink Stale                      373 us
[0.581s][info][gc,stats    ]     System Dictionary                 4 us
[0.581s][info][gc,stats    ]     Weak Class Links                  0 us
[0.581s][info][gc,stats    ]     Code Roots                      368 us
[0.581s][info][gc,stats    ]   Rendezvous                         40 us
[0.581s][info][gc,stats    ]   Purge Unlinked                    125 us
[0.581s][info][gc,stats    ]     Code Roots                      116 us
[0.581s][info][gc,stats    ]     CLDG                              8 us
[0.581s][info][gc,stats    ]     Exception Caches                  0 us
[0.581s][info][gc,stats    ] Concurrent Strong Roots             163 us, parallelism: 0.16x
[0.581s][info][gc,stats    ]   CSR: <total>                       26 us
[0.581s][info][gc,stats    ]   CSR: VM Strong Roots                3 us, workers (us):   3,   1, ---, ---, 
[0.581s][info][gc,stats    ]   CSR: CLDG Roots                    23 us, workers (us):  23, ---, ---, ---, 
[0.581s][info][gc,stats    ] Concurrent Evacuation               347 us
[0.581s][info][gc,stats    ] Pause Init Update Refs (G)          237 us
[0.581s][info][gc,stats    ] Pause Init Update Refs (N)           69 us
[0.581s][info][gc,stats    ]   Manage GCLABs                       3 us
[0.581s][info][gc,stats    ] Concurrent Update Refs             1414 us
[0.581s][info][gc,stats    ] Concurrent Update Thread Roots      635 us
[0.581s][info][gc,stats    ] Pause Final Update Refs (G)         280 us
[0.581s][info][gc,stats    ] Pause Final Update Refs (N)         239 us
[0.581s][info][gc,stats    ]   Update Region States              157 us
[0.581s][info][gc,stats    ]   Trash Collection Set                4 us
[0.581s][info][gc,stats    ]   Rebuild Free Set                   16 us
[0.581s][info][gc,stats    ] Concurrent Cleanup                  172 us
[0.581s][info][gc,stats    ] 
[0.581s][info][gc,stats    ] Allocation pacing accrued:
[0.581s][info][gc,stats    ]       0 of    30 ms (  0.0%): <total>
[0.581s][info][gc,stats    ]       0 of    30 ms (  0.0%): <average total>
[0.581s][info][gc,stats    ] 
[0.582s][info][gc,metaspace] Metaspace: 738K(896K)->738K(896K) NonClass: 680K(768K)->680K(768K) Class: 57K(128K)->57K(128K)
[0.582s][info][gc,ergo     ] Pacer for Idle. Initial: 10485K, Alloc Tax Rate: 1.0x
[0.584s][info][gc          ] Trigger: Learning 3 of 5. Free (331M) is below initial threshold (358M)
[0.584s][info][gc,ergo     ] Free: 331M, Max: 256K regular, 329M humongous, Frag: 1% external, 0% internal; Reserve: 26368K, Max: 256K
[0.584s][info][gc,start    ] GC(2) Concurrent reset
[0.584s][info][gc,task     ] GC(2) Using 2 of 4 workers for concurrent reset
[0.584s][info][gc,ergo     ] GC(2) Pacer for Reset. Non-Taxable: 512M
[0.586s][info][gc          ] GC(2) Concurrent reset 1.421ms
[0.599s][info][gc,start    ] GC(2) Pause Init Mark (unload classes)
[0.599s][info][gc,task     ] GC(2) Using 4 of 4 workers for init marking
[0.599s][info][gc,ergo     ] GC(2) Pacer for Mark. Expected Live: 135M, Free: 321M, Non-Taxable: 32894K, Alloc Tax Rate: 0.5x
[0.599s][info][gc          ] GC(2) Pause Init Mark (unload classes) 0.324ms
[0.599s][info][gc,start    ] GC(2) Concurrent marking roots
[0.599s][info][gc,task     ] GC(2) Using 2 of 4 workers for concurrent marking roots
[0.600s][info][gc          ] GC(2) Concurrent marking roots 1.023ms
[0.600s][info][gc,start    ] GC(2) Concurrent marking (unload classes)
[0.600s][info][gc,task     ] GC(2) Using 2 of 4 workers for concurrent marking
[0.602s][info][gc          ] GC(2) Concurrent marking (unload classes) 1.679ms
[0.602s][info][gc,start    ] GC(2) Pause Final Mark (unload classes)
[0.602s][info][gc,task     ] GC(2) Using 4 of 4 workers for final marking
[0.603s][info][gc,ergo     ] GC(2) Adaptive CSet Selection. Target Free: 74274K, Actual Free: 346M, Max CSet: 21845K, Min Garbage: 0B
[0.603s][info][gc,ergo     ] GC(2) Collectable Garbage: 0B (0%), Immediate: 0B (0%), CSet: 0B (0%)
[0.603s][info][gc          ] GC(2) Pause Final Mark (unload classes) 0.765ms
[0.603s][info][gc,start    ] GC(2) Concurrent weak references
[0.603s][info][gc,task     ] GC(2) Using 2 of 4 workers for concurrent weak references
[0.603s][info][gc,ref      ] GC(2) Encountered references: Soft: 45, Weak: 99, Final: 0, Phantom: 18
[0.603s][info][gc,ref      ] GC(2) Discovered  references: Soft: 0, Weak: 33, Final: 0, Phantom: 16
[0.603s][info][gc,ref      ] GC(2) Enqueued    references: Soft: 0, Weak: 0, Final: 0, Phantom: 0
[0.603s][info][gc          ] GC(2) Concurrent weak references 0.195ms
[0.603s][info][gc,start    ] GC(2) Concurrent weak roots
[0.603s][info][gc,task     ] GC(2) Using 2 of 4 workers for concurrent weak root
[0.604s][info][gc          ] GC(2) Concurrent weak roots 0.873ms
[0.604s][info][gc,start    ] GC(2) Concurrent cleanup
[0.604s][info][gc          ] GC(2) Concurrent cleanup 161M->161M(512M) 0.140ms
[0.604s][info][gc,ergo     ] GC(2) Free: 321M, Max: 256K regular, 319M humongous, Frag: 1% external, 0% internal; Reserve: 26368K, Max: 256K
[0.604s][info][gc,start    ] GC(2) Concurrent class unloading
[0.604s][info][gc,task     ] GC(2) Using 2 of 4 workers for concurrent class unloading
[0.605s][info][gc          ] GC(2) Concurrent class unloading 1.248ms
[0.606s][info][gc,start    ] GC(2) Pause Final Roots
[0.606s][info][gc          ] GC(2) Pause Final Roots 0.019ms
[0.606s][info][gc,ergo     ] Free: 321M, Max: 256K regular, 319M humongous, Frag: 1% external, 0% internal; Reserve: 26368K, Max: 256K
[0.606s][info][gc,stats    ] 
[0.606s][info][gc,stats    ] All times are wall-clock times, except per-root-class counters, that are sum over
[0.606s][info][gc,stats    ] all workers. Dividing the <total> over the root stage time estimates parallelism.
[0.606s][info][gc,stats    ] 
[0.606s][info][gc,stats    ] Concurrent Reset                   1468 us
[0.606s][info][gc,stats    ] Pause Init Mark (G)               13604 us
[0.606s][info][gc,stats    ] Pause Init Mark (N)                 342 us
[0.606s][info][gc,stats    ]   Update Region States              165 us
[0.606s][info][gc,stats    ] Concurrent Mark Roots              1084 us, parallelism: 1.09x
[0.606s][info][gc,stats    ]   CMR: <total>                     1183 us
[0.606s][info][gc,stats    ]   CMR: Thread Roots                1099 us, workers (us): 530, 569, ---, ---, 
[0.606s][info][gc,stats    ]   CMR: VM Strong Roots                8 us, workers (us):   7,   1, ---, ---, 
[0.606s][info][gc,stats    ]   CMR: CLDG Roots                    76 us, workers (us):  76, ---, ---, ---, 
[0.606s][info][gc,stats    ] Concurrent Marking                 1742 us
[0.606s][info][gc,stats    ] Pause Final Mark (G)                844 us
[0.606s][info][gc,stats    ] Pause Final Mark (N)                781 us
[0.606s][info][gc,stats    ]   Finish Mark                       431 us
[0.606s][info][gc,stats    ]   Update Region States              166 us
[0.606s][info][gc,stats    ]   Choose Collection Set             104 us
[0.606s][info][gc,stats    ]   Rebuild Free Set                   21 us
[0.606s][info][gc,stats    ] Concurrent Weak References          210 us, parallelism: 0.04x
[0.606s][info][gc,stats    ]   CWRF: <total>                       9 us
[0.606s][info][gc,stats    ]   CWRF: Weak References               9 us, workers (us):   9,   0, ---, ---, 
[0.606s][info][gc,stats    ] Concurrent Weak Roots               917 us
[0.606s][info][gc,stats    ]   Roots                             786 us, parallelism: 0.17x
[0.606s][info][gc,stats    ]     CWR: <total>                    137 us
[0.606s][info][gc,stats    ]     CWR: Code Cache Roots            86 us, workers (us):   0,  86, ---, ---, 
[0.606s][info][gc,stats    ]     CWR: VM Weak Roots               49 us, workers (us):  32,  16, ---, ---, 
[0.606s][info][gc,stats    ]     CWR: CLDG Roots                   3 us, workers (us):   3, ---, ---, ---, 
[0.606s][info][gc,stats    ]   Rendezvous                         57 us
[0.606s][info][gc,stats    ] Concurrent Cleanup                  154 us
[0.606s][info][gc,stats    ] Concurrent Class Unloading         1291 us
[0.606s][info][gc,stats    ]   Unlink Stale                      957 us
[0.606s][info][gc,stats    ]     System Dictionary                 4 us
[0.606s][info][gc,stats    ]     Weak Class Links                  1 us
[0.606s][info][gc,stats    ]     Code Roots                      950 us
[0.606s][info][gc,stats    ]   Rendezvous                         52 us
[0.606s][info][gc,stats    ]   Purge Unlinked                    187 us
[0.606s][info][gc,stats    ]     Code Roots                      174 us
[0.606s][info][gc,stats    ]     CLDG                             12 us
[0.606s][info][gc,stats    ]     Exception Caches                  1 us
[0.606s][info][gc,stats    ] Pause Final Roots (G)                92 us
[0.606s][info][gc,stats    ] Pause Final Roots (N)                32 us
[0.606s][info][gc,stats    ] 
[0.606s][info][gc,stats    ] Allocation pacing accrued:
[0.606s][info][gc,stats    ]       0 of    25 ms (  0.0%): <total>
[0.606s][info][gc,stats    ]       0 of    25 ms (  0.0%): <average total>
[0.606s][info][gc,stats    ] 
[0.606s][info][gc,metaspace] Metaspace: 738K(896K)->738K(896K) NonClass: 680K(768K)->680K(768K) Class: 57K(128K)->57K(128K)
[0.607s][info][gc,ergo     ] Pacer for Idle. Initial: 10485K, Alloc Tax Rate: 1.0x
[0.608s][info][gc          ] Trigger: Learning 4 of 5. Free (321M) is below initial threshold (358M)
[0.608s][info][gc,ergo     ] Free: 321M, Max: 256K regular, 319M humongous, Frag: 1% external, 0% internal; Reserve: 26368K, Max: 256K
[0.608s][info][gc,start    ] GC(3) Concurrent reset
[0.608s][info][gc,task     ] GC(3) Using 2 of 4 workers for concurrent reset
[0.608s][info][gc,ergo     ] GC(3) Pacer for Reset. Non-Taxable: 512M
[0.609s][info][gc          ] GC(3) Concurrent reset 1.366ms
[0.610s][info][gc,start    ] GC(3) Pause Init Mark (unload classes)
[0.610s][info][gc,task     ] GC(3) Using 4 of 4 workers for init marking
[0.610s][info][gc,ergo     ] GC(3) Pacer for Mark. Expected Live: 144M, Free: 321M, Non-Taxable: 32877K, Alloc Tax Rate: 0.5x
[0.610s][info][gc          ] GC(3) Pause Init Mark (unload classes) 0.235ms
[0.610s][info][gc,start    ] GC(3) Concurrent marking roots
[0.610s][info][gc,task     ] GC(3) Using 2 of 4 workers for concurrent marking roots
[0.611s][info][gc          ] GC(3) Concurrent marking roots 0.814ms
[0.611s][info][gc,start    ] GC(3) Concurrent marking (unload classes)
[0.611s][info][gc,task     ] GC(3) Using 2 of 4 workers for concurrent marking
[0.624s][info][gc          ] GC(3) Concurrent marking (unload classes) 13.563ms
[0.624s][info][gc,start    ] GC(3) Pause Final Mark (unload classes)
[0.624s][info][gc,task     ] GC(3) Using 4 of 4 workers for final marking
[0.625s][info][gc,ergo     ] GC(3) Adaptive CSet Selection. Target Free: 74274K, Actual Free: 336M, Max CSet: 21845K, Min Garbage: 0B
[0.625s][info][gc,ergo     ] GC(3) Collectable Garbage: 174K (52%), Immediate: 0B (0%), CSet: 174K (52%)
[0.625s][info][gc,ergo     ] GC(3) Pacer for Evacuation. Used CSet: 174K, Free: 310M, Non-Taxable: 31819K, Alloc Tax Rate: 1.1x
[0.625s][info][gc          ] GC(3) Pause Final Mark (unload classes) 0.833ms
[0.625s][info][gc,start    ] GC(3) Concurrent thread roots
[0.625s][info][gc,task     ] GC(3) Using 2 of 4 workers for Concurrent thread roots
[0.626s][info][gc          ] GC(3) Concurrent thread roots 1.000ms
[0.626s][info][gc,start    ] GC(3) Concurrent weak references
[0.626s][info][gc,task     ] GC(3) Using 2 of 4 workers for concurrent weak references
[0.626s][info][gc,ref      ] GC(3) Encountered references: Soft: 45, Weak: 99, Final: 0, Phantom: 18
[0.626s][info][gc,ref      ] GC(3) Discovered  references: Soft: 0, Weak: 31, Final: 0, Phantom: 16
[0.626s][info][gc,ref      ] GC(3) Enqueued    references: Soft: 0, Weak: 0, Final: 0, Phantom: 0
[0.626s][info][gc          ] GC(3) Concurrent weak references 0.148ms
[0.626s][info][gc,start    ] GC(3) Concurrent weak roots
[0.626s][info][gc,task     ] GC(3) Using 2 of 4 workers for concurrent weak root
[0.627s][info][gc          ] GC(3) Concurrent weak roots 0.427ms
[0.627s][info][gc,start    ] GC(3) Concurrent cleanup
[0.627s][info][gc          ] GC(3) Concurrent cleanup 171M->171M(512M) 0.146ms
[0.627s][info][gc,ergo     ] GC(3) Free: 310M, Max: 256K regular, 309M humongous, Frag: 1% external, 0% internal; Reserve: 26368K, Max: 256K
[0.627s][info][gc,start    ] GC(3) Concurrent class unloading
[0.627s][info][gc,task     ] GC(3) Using 2 of 4 workers for concurrent class unloading
[0.628s][info][gc          ] GC(3) Concurrent class unloading 0.613ms
[0.628s][info][gc,start    ] GC(3) Concurrent strong roots
[0.628s][info][gc,task     ] GC(3) Using 2 of 4 workers for concurrent strong root
[0.628s][info][gc          ] GC(3) Concurrent strong roots 0.363ms
[0.628s][info][gc,start    ] GC(3) Concurrent evacuation
[0.628s][info][gc,task     ] GC(3) Using 2 of 4 workers for concurrent evacuation
[0.628s][info][gc          ] GC(3) Concurrent evacuation 0.259ms
[0.629s][info][gc,start    ] GC(3) Pause Init Update Refs
[0.629s][info][gc,ergo     ] GC(3) Pacer for Update Refs. Used: 171M, Free: 310M, Non-Taxable: 31819K, Alloc Tax Rate: 1.1x
[0.629s][info][gc          ] GC(3) Pause Init Update Refs 0.046ms
[0.629s][info][gc,start    ] GC(3) Concurrent update references
[0.629s][info][gc,task     ] GC(3) Using 2 of 4 workers for concurrent reference update
[0.630s][info][gc          ] GC(3) Concurrent update references 1.599ms
[0.630s][info][gc,start    ] GC(3) Concurrent update thread roots
[0.631s][info][gc          ] GC(3) Concurrent update thread roots 0.589ms
[0.631s][info][gc,start    ] GC(3) Pause Final Update Refs
[0.631s][info][gc,task     ] GC(3) Using 4 of 4 workers for final reference update
[0.631s][info][gc          ] GC(3) Pause Final Update Refs 0.224ms
[0.631s][info][gc,start    ] GC(3) Concurrent cleanup
[0.631s][info][gc          ] GC(3) Concurrent cleanup 171M->171M(512M) 0.136ms
[0.631s][info][gc,ergo     ] Free: 310M, Max: 256K regular, 308M humongous, Frag: 1% external, 0% internal; Reserve: 26368K, Max: 256K
[0.631s][info][gc,stats    ] 
[0.631s][info][gc,stats    ] All times are wall-clock times, except per-root-class counters, that are sum over
[0.631s][info][gc,stats    ] all workers. Dividing the <total> over the root stage time estimates parallelism.
[0.631s][info][gc,stats    ] 
[0.632s][info][gc,stats    ] Concurrent Reset                   1407 us
[0.632s][info][gc,stats    ] Pause Init Mark (G)                 431 us
[0.632s][info][gc,stats    ] Pause Init Mark (N)                 252 us
[0.632s][info][gc,stats    ]   Update Region States              160 us
[0.632s][info][gc,stats    ] Concurrent Mark Roots               859 us, parallelism: 0.70x
[0.632s][info][gc,stats    ]   CMR: <total>                      603 us
[0.632s][info][gc,stats    ]   CMR: Thread Roots                 527 us, workers (us): 397, 130, ---, ---, 
[0.632s][info][gc,stats    ]   CMR: VM Strong Roots                6 us, workers (us):   6,   1, ---, ---, 
[0.632s][info][gc,stats    ]   CMR: CLDG Roots                    69 us, workers (us):  69, ---, ---, ---, 
[0.632s][info][gc,stats    ] Concurrent Marking                13626 us
[0.632s][info][gc,stats    ] Pause Final Mark (G)                899 us
[0.632s][info][gc,stats    ] Pause Final Mark (N)                844 us
[0.632s][info][gc,stats    ]   Finish Mark                       571 us
[0.632s][info][gc,stats    ]   Update Region States              132 us
[0.632s][info][gc,stats    ]   Choose Collection Set              64 us
[0.632s][info][gc,stats    ]   Rebuild Free Set                   15 us
[0.632s][info][gc,stats    ] Concurrent Thread Roots            1028 us, parallelism: 0.88x
[0.632s][info][gc,stats    ]   CTR: <total>                      904 us
[0.632s][info][gc,stats    ]   CTR: Thread Roots                 904 us, workers (us): 640, 264, ---, ---, 
[0.632s][info][gc,stats    ] Concurrent Weak References          158 us, parallelism: 0.08x
[0.632s][info][gc,stats    ]   CWRF: <total>                      12 us
[0.632s][info][gc,stats    ]   CWRF: Weak References              12 us, workers (us):  12,   0, ---, ---, 
[0.632s][info][gc,stats    ] Concurrent Weak Roots               482 us
[0.632s][info][gc,stats    ]   Roots                             341 us, parallelism: 0.41x
[0.632s][info][gc,stats    ]     CWR: <total>                    140 us
[0.632s][info][gc,stats    ]     CWR: Code Cache Roots            73 us, workers (us):   1,  72, ---, ---, 
[0.632s][info][gc,stats    ]     CWR: VM Weak Roots               62 us, workers (us):  38,  24, ---, ---, 
[0.632s][info][gc,stats    ]     CWR: CLDG Roots                   4 us, workers (us):   4, ---, ---, ---, 
[0.632s][info][gc,stats    ]   Rendezvous                         62 us
[0.632s][info][gc,stats    ] Concurrent Cleanup                  159 us
[0.632s][info][gc,stats    ] Concurrent Class Unloading          647 us
[0.632s][info][gc,stats    ]   Unlink Stale                      392 us
[0.632s][info][gc,stats    ]     System Dictionary                 5 us
[0.632s][info][gc,stats    ]     Weak Class Links                  1 us
[0.632s][info][gc,stats    ]     Code Roots                      385 us
[0.632s][info][gc,stats    ]   Rendezvous                         47 us
[0.632s][info][gc,stats    ]   Purge Unlinked                    144 us
[0.632s][info][gc,stats    ]     Code Roots                       95 us
[0.632s][info][gc,stats    ]     CLDG                             48 us
[0.632s][info][gc,stats    ]     Exception Caches                  0 us
[0.632s][info][gc,stats    ] Concurrent Strong Roots             407 us, parallelism: 0.07x
[0.632s][info][gc,stats    ]   CSR: <total>                       29 us
[0.632s][info][gc,stats    ]   CSR: VM Strong Roots                4 us, workers (us):   3,   1, ---, ---, 
[0.632s][info][gc,stats    ]   CSR: CLDG Roots                    26 us, workers (us):  26, ---, ---, ---, 
[0.632s][info][gc,stats    ] Concurrent Evacuation               307 us
[0.632s][info][gc,stats    ] Pause Init Update Refs (G)          153 us
[0.632s][info][gc,stats    ] Pause Init Update Refs (N)           80 us
[0.632s][info][gc,stats    ]   Manage GCLABs                       4 us
[0.632s][info][gc,stats    ] Concurrent Update Refs             1648 us
[0.632s][info][gc,stats    ] Concurrent Update Thread Roots      610 us
[0.632s][info][gc,stats    ] Pause Final Update Refs (G)         312 us
[0.632s][info][gc,stats    ] Pause Final Update Refs (N)         259 us
[0.632s][info][gc,stats    ]   Update Region States              157 us
[0.632s][info][gc,stats    ]   Trash Collection Set                4 us
[0.632s][info][gc,stats    ]   Rebuild Free Set                   31 us
[0.632s][info][gc,stats    ] Concurrent Cleanup                  152 us
[0.632s][info][gc,stats    ] 
[0.632s][info][gc,stats    ] Allocation pacing accrued:
[0.632s][info][gc,stats    ]       0 of    26 ms (  0.0%): <total>
[0.632s][info][gc,stats    ]       0 of    26 ms (  0.0%): <average total>
[0.632s][info][gc,stats    ] 
[0.632s][info][gc,metaspace] Metaspace: 738K(896K)->738K(896K) NonClass: 680K(768K)->680K(768K) Class: 57K(128K)->57K(128K)
[0.632s][info][gc,ergo     ] Pacer for Idle. Initial: 10485K, Alloc Tax Rate: 1.0x
[0.633s][info][gc          ] Trigger: Learning 5 of 5. Free (310M) is below initial threshold (358M)
[0.634s][info][gc,ergo     ] Free: 310M, Max: 256K regular, 308M humongous, Frag: 1% external, 0% internal; Reserve: 26368K, Max: 256K
[0.634s][info][gc,start    ] GC(4) Concurrent reset
[0.634s][info][gc,task     ] GC(4) Using 2 of 4 workers for concurrent reset
[0.634s][info][gc,ergo     ] GC(4) Pacer for Reset. Non-Taxable: 512M
[0.635s][info][gc          ] GC(4) Concurrent reset 0.955ms
[0.651s][info][gc,start    ] GC(4) Pause Init Mark (unload classes)
[0.651s][info][gc,task     ] GC(4) Using 4 of 4 workers for init marking
[0.652s][info][gc,ergo     ] GC(4) Pacer for Mark. Expected Live: 148M, Free: 300M, Non-Taxable: 30795K, Alloc Tax Rate: 0.6x
[0.652s][info][gc          ] GC(4) Pause Init Mark (unload classes) 0.339ms
[0.652s][info][gc,start    ] GC(4) Concurrent marking roots
[0.652s][info][gc,task     ] GC(4) Using 2 of 4 workers for concurrent marking roots
[0.653s][info][gc          ] GC(4) Concurrent marking roots 0.929ms
[0.653s][info][gc,start    ] GC(4) Concurrent marking (unload classes)
[0.653s][info][gc,task     ] GC(4) Using 2 of 4 workers for concurrent marking
[0.655s][info][gc          ] GC(4) Concurrent marking (unload classes) 2.525ms
[0.656s][info][gc,start    ] GC(4) Pause Final Mark (unload classes)
[0.656s][info][gc,task     ] GC(4) Using 4 of 4 workers for final marking
[0.656s][info][gc,ergo     ] GC(4) Adaptive CSet Selection. Target Free: 74274K, Actual Free: 326M, Max CSet: 21845K, Min Garbage: 0B
[0.656s][info][gc,ergo     ] GC(4) Collectable Garbage: 0B (0%), Immediate: 0B (0%), CSet: 0B (0%)
[0.656s][info][gc          ] GC(4) Pause Final Mark (unload classes) 0.708ms
[0.656s][info][gc,start    ] GC(4) Concurrent weak references
[0.656s][info][gc,task     ] GC(4) Using 2 of 4 workers for concurrent weak references
[0.657s][info][gc,ref      ] GC(4) Encountered references: Soft: 45, Weak: 99, Final: 0, Phantom: 18
[0.657s][info][gc,ref      ] GC(4) Discovered  references: Soft: 0, Weak: 55, Final: 0, Phantom: 16
[0.657s][info][gc,ref      ] GC(4) Enqueued    references: Soft: 0, Weak: 0, Final: 0, Phantom: 0
[0.657s][info][gc          ] GC(4) Concurrent weak references 0.220ms
[0.657s][info][gc,start    ] GC(4) Concurrent weak roots
[0.657s][info][gc,task     ] GC(4) Using 2 of 4 workers for concurrent weak root
[0.657s][info][gc          ] GC(4) Concurrent weak roots 0.260ms
[0.657s][info][gc,start    ] GC(4) Concurrent cleanup
[0.657s][info][gc          ] GC(4) Concurrent cleanup 181M->181M(512M) 0.135ms
[0.657s][info][gc,ergo     ] GC(4) Free: 300M, Max: 256K regular, 298M humongous, Frag: 1% external, 0% internal; Reserve: 26368K, Max: 256K
[0.657s][info][gc,start    ] GC(4) Concurrent class unloading
[0.657s][info][gc,task     ] GC(4) Using 2 of 4 workers for concurrent class unloading
[0.658s][info][gc          ] GC(4) Concurrent class unloading 0.686ms
[0.658s][info][gc,start    ] GC(4) Pause Final Roots
[0.658s][info][gc          ] GC(4) Pause Final Roots 0.046ms
[0.658s][info][gc,ergo     ] Free: 300M, Max: 256K regular, 298M humongous, Frag: 1% external, 0% internal; Reserve: 26368K, Max: 256K
[0.658s][info][gc,stats    ] 
[0.658s][info][gc,stats    ] All times are wall-clock times, except per-root-class counters, that are sum over
[0.658s][info][gc,stats    ] all workers. Dividing the <total> over the root stage time estimates parallelism.
[0.658s][info][gc,stats    ] 
[0.658s][info][gc,stats    ] Concurrent Reset                   1011 us
[0.658s][info][gc,stats    ] Pause Init Mark (G)               17285 us
[0.658s][info][gc,stats    ] Pause Init Mark (N)                 358 us
[0.659s][info][gc,stats    ]   Update Region States              169 us
[0.659s][info][gc,stats    ] Concurrent Mark Roots               986 us, parallelism: 0.67x
[0.659s][info][gc,stats    ]   CMR: <total>                      660 us
[0.659s][info][gc,stats    ]   CMR: Thread Roots                 578 us, workers (us): 168, 409, ---, ---, 
[0.659s][info][gc,stats    ]   CMR: VM Strong Roots               10 us, workers (us):   6,   4, ---, ---, 
[0.659s][info][gc,stats    ]   CMR: CLDG Roots                    73 us, workers (us): ---,  73, ---, ---, 
[0.659s][info][gc,stats    ] Concurrent Marking                 2579 us
[0.659s][info][gc,stats    ] Pause Final Mark (G)                973 us
[0.659s][info][gc,stats    ] Pause Final Mark (N)                723 us
[0.659s][info][gc,stats    ]   Finish Mark                       352 us
[0.659s][info][gc,stats    ]   Update Region States              148 us
[0.659s][info][gc,stats    ]   Choose Collection Set              99 us
[0.659s][info][gc,stats    ]   Rebuild Free Set                   17 us
[0.659s][info][gc,stats    ] Concurrent Weak References          234 us, parallelism: 0.04x
[0.659s][info][gc,stats    ]   CWRF: <total>                      10 us
[0.659s][info][gc,stats    ]   CWRF: Weak References              10 us, workers (us):   9,   0, ---, ---, 
[0.659s][info][gc,stats    ] Concurrent Weak Roots               289 us
[0.659s][info][gc,stats    ]   Roots                             187 us, parallelism: 0.65x
[0.659s][info][gc,stats    ]     CWR: <total>                    122 us
[0.659s][info][gc,stats    ]     CWR: Code Cache Roots            77 us, workers (us):  77,   1, ---, ---, 
[0.659s][info][gc,stats    ]     CWR: VM Weak Roots               43 us, workers (us):  27,  16, ---, ---, 
[0.659s][info][gc,stats    ]     CWR: CLDG Roots                   2 us, workers (us): ---,   2, ---, ---, 
[0.659s][info][gc,stats    ]   Rendezvous                         46 us
[0.659s][info][gc,stats    ] Concurrent Cleanup                  149 us
[0.659s][info][gc,stats    ] Concurrent Class Unloading          788 us
[0.659s][info][gc,stats    ]   Unlink Stale                      457 us
[0.659s][info][gc,stats    ]     System Dictionary                 4 us
[0.659s][info][gc,stats    ]     Weak Class Links                  1 us
[0.659s][info][gc,stats    ]     Code Roots                      452 us
[0.659s][info][gc,stats    ]   Rendezvous                         55 us
[0.659s][info][gc,stats    ]   Purge Unlinked                    142 us
[0.659s][info][gc,stats    ]     Code Roots                       98 us
[0.659s][info][gc,stats    ]     CLDG                             43 us
[0.659s][info][gc,stats    ]     Exception Caches                  0 us
[0.659s][info][gc,stats    ] Pause Final Roots (G)               489 us
[0.659s][info][gc,stats    ] Pause Final Roots (N)                60 us
[0.659s][info][gc,stats    ] 
[0.659s][info][gc,stats    ] Allocation pacing accrued:
[0.659s][info][gc,stats    ]       0 of    27 ms (  0.0%): <total>
[0.659s][info][gc,stats    ]       0 of    27 ms (  0.0%): <average total>
[0.659s][info][gc,stats    ] 
[0.659s][info][gc,metaspace] Metaspace: 738K(896K)->738K(896K) NonClass: 680K(768K)->680K(768K) Class: 57K(128K)->57K(128K)
[0.659s][info][gc,ergo     ] Pacer for Idle. Initial: 10485K, Alloc Tax Rate: 1.0x
[1.246s][info][gc          ] Trigger: Free (45388K) is below minimum threshold (52428K)
[1.246s][info][gc,ergo     ] Free: 45388K, Max: 256K regular, 43264K humongous, Frag: 4% external, 0% internal; Reserve: 26368K, Max: 256K
[1.246s][info][gc,start    ] GC(5) Concurrent reset
[1.246s][info][gc,task     ] GC(5) Using 2 of 4 workers for concurrent reset
[1.246s][info][gc,ergo     ] GC(5) Pacer for Reset. Non-Taxable: 512M
[1.248s][info][gc          ] GC(5) Concurrent reset 1.743ms
[1.261s][info][gc,start    ] GC(5) Pause Init Mark (unload classes)
[1.261s][info][gc,task     ] GC(5) Using 4 of 4 workers for init marking
[1.261s][info][gc,ergo     ] GC(5) Pacer for Mark. Expected Live: 154M, Free: 45388K, Non-Taxable: 4538K, Alloc Tax Rate: 4.3x
[1.261s][info][gc          ] GC(5) Pause Init Mark (unload classes) 0.340ms
[1.262s][info][gc,start    ] GC(5) Concurrent marking roots
[1.262s][info][gc,task     ] GC(5) Using 2 of 4 workers for concurrent marking roots
[1.263s][info][gc          ] GC(5) Concurrent marking roots 1.017ms
[1.263s][info][gc,start    ] GC(5) Concurrent marking (unload classes)
[1.263s][info][gc,task     ] GC(5) Using 2 of 4 workers for concurrent marking
[1.265s][info][gc          ] GC(5) Concurrent marking (unload classes) 2.368ms
[1.265s][info][gc,start    ] GC(5) Pause Final Mark (unload classes)
[1.265s][info][gc,task     ] GC(5) Using 4 of 4 workers for final marking
[1.266s][info][gc,ergo     ] GC(5) Adaptive CSet Selection. Target Free: 74274K, Actual Free: 71170K, Max CSet: 21845K, Min Garbage: 3104K
[1.266s][info][gc,ergo     ] GC(5) Collectable Garbage: 323K (100%), Immediate: 2064B (0%), CSet: 321K (99%)
[1.266s][info][gc,ergo     ] GC(5) Pacer for Evacuation. Used CSet: 1294K, Free: 45056K, Non-Taxable: 4505K, Alloc Tax Rate: 1.1x
[1.266s][info][gc          ] GC(5) Pause Final Mark (unload classes) 0.513ms
[1.266s][info][gc,start    ] GC(5) Concurrent thread roots
[1.266s][info][gc,task     ] GC(5) Using 2 of 4 workers for Concurrent thread roots
[1.267s][info][gc          ] GC(5) Concurrent thread roots 0.892ms
[1.267s][info][gc,start    ] GC(5) Concurrent weak references
[1.267s][info][gc,task     ] GC(5) Using 2 of 4 workers for concurrent weak references
[1.267s][info][gc,ref      ] GC(5) Encountered references: Soft: 45, Weak: 99, Final: 0, Phantom: 18
[1.267s][info][gc,ref      ] GC(5) Discovered  references: Soft: 0, Weak: 31, Final: 0, Phantom: 16
[1.267s][info][gc,ref      ] GC(5) Enqueued    references: Soft: 0, Weak: 0, Final: 0, Phantom: 0
[1.267s][info][gc          ] GC(5) Concurrent weak references 0.217ms
[1.267s][info][gc,start    ] GC(5) Concurrent weak roots
[1.267s][info][gc,task     ] GC(5) Using 2 of 4 workers for concurrent weak root
[1.268s][info][gc          ] GC(5) Concurrent weak roots 0.733ms
[1.268s][info][gc,start    ] GC(5) Concurrent cleanup
[1.268s][info][gc          ] GC(5) Concurrent cleanup 431M->431M(512M) 0.134ms
[1.268s][info][gc,ergo     ] GC(5) Free: 45056K, Max: 256K regular, 43520K humongous, Frag: 4% external, 0% internal; Reserve: 26240K, Max: 256K
[1.268s][info][gc,start    ] GC(5) Concurrent class unloading
[1.268s][info][gc,task     ] GC(5) Using 2 of 4 workers for concurrent class unloading
[1.269s][info][gc          ] GC(5) Concurrent class unloading 1.098ms
[1.269s][info][gc,start    ] GC(5) Concurrent strong roots
[1.269s][info][gc,task     ] GC(5) Using 2 of 4 workers for concurrent strong root
[1.270s][info][gc          ] GC(5) Concurrent strong roots 0.673ms
[1.270s][info][gc,start    ] GC(5) Concurrent evacuation
[1.270s][info][gc,task     ] GC(5) Using 2 of 4 workers for concurrent evacuation
[1.271s][info][gc          ] GC(5) Concurrent evacuation 1.441ms
[1.271s][info][gc,start    ] GC(5) Pause Init Update Refs
[1.272s][info][gc,ergo     ] GC(5) Pacer for Update Refs. Used: 432M, Free: 45056K, Non-Taxable: 4505K, Alloc Tax Rate: 12.0x
[1.272s][info][gc          ] GC(5) Pause Init Update Refs 0.065ms
[1.272s][info][gc,start    ] GC(5) Concurrent update references
[1.272s][info][gc,task     ] GC(5) Using 2 of 4 workers for concurrent reference update
[1.274s][info][gc          ] GC(5) Concurrent update references 2.022ms
[1.274s][info][gc,start    ] GC(5) Concurrent update thread roots
[1.285s][info][gc          ] GC(5) Concurrent update thread roots 11.611ms
[1.285s][info][gc,start    ] GC(5) Pause Final Update Refs
[1.286s][info][gc,task     ] GC(5) Using 4 of 4 workers for final reference update
[1.286s][info][gc          ] GC(5) Pause Final Update Refs 0.239ms
[1.286s][info][gc,start    ] GC(5) Concurrent cleanup
[1.286s][info][gc          ] GC(5) Concurrent cleanup 442M->441M(512M) 0.363ms
[1.286s][info][gc,ergo     ] Free: 34816K, Max: 256K regular, 32512K humongous, Frag: 7% external, 0% internal; Reserve: 26368K, Max: 256K
[1.286s][info][gc,stats    ] 
[1.286s][info][gc,stats    ] All times are wall-clock times, except per-root-class counters, that are sum over
[1.286s][info][gc,stats    ] all workers. Dividing the <total> over the root stage time estimates parallelism.
[1.286s][info][gc,stats    ] 
[1.286s][info][gc,stats    ] Concurrent Reset                   1814 us
[1.286s][info][gc,stats    ] Pause Init Mark (G)               13720 us
[1.286s][info][gc,stats    ] Pause Init Mark (N)                 359 us
[1.286s][info][gc,stats    ]   Update Region States              183 us
[1.286s][info][gc,stats    ] Concurrent Mark Roots              1059 us, parallelism: 0.76x
[1.286s][info][gc,stats    ]   CMR: <total>                      806 us
[1.286s][info][gc,stats    ]   CMR: Thread Roots                 636 us, workers (us): 525, 111, ---, ---, 
[1.286s][info][gc,stats    ]   CMR: VM Strong Roots                9 us, workers (us):   9,   1, ---, ---, 
[1.286s][info][gc,stats    ]   CMR: CLDG Roots                   161 us, workers (us): 161, ---, ---, ---, 
[1.286s][info][gc,stats    ] Concurrent Marking                 2415 us
[1.286s][info][gc,stats    ] Pause Final Mark (G)                831 us
[1.286s][info][gc,stats    ] Pause Final Mark (N)                528 us
[1.286s][info][gc,stats    ]   Finish Mark                       182 us
[1.286s][info][gc,stats    ]   Update Region States              133 us
[1.286s][info][gc,stats    ]   Choose Collection Set              96 us
[1.286s][info][gc,stats    ]   Rebuild Free Set                   14 us
[1.286s][info][gc,stats    ] Concurrent Thread Roots             917 us, parallelism: 0.75x
[1.286s][info][gc,stats    ]   CTR: <total>                      689 us
[1.286s][info][gc,stats    ]   CTR: Thread Roots                 689 us, workers (us): 689,   0, ---, ---, 
[1.286s][info][gc,stats    ] Concurrent Weak References          228 us, parallelism: 0.12x
[1.286s][info][gc,stats    ]   CWRF: <total>                      27 us
[1.286s][info][gc,stats    ]   CWRF: Weak References              27 us, workers (us):  27,   0, ---, ---, 
[1.286s][info][gc,stats    ] Concurrent Weak Roots               779 us
[1.286s][info][gc,stats    ]   Roots                             502 us, parallelism: 0.73x
[1.286s][info][gc,stats    ]     CWR: <total>                    369 us
[1.286s][info][gc,stats    ]     CWR: Code Cache Roots            78 us, workers (us):  78,   0, ---, ---, 
[1.286s][info][gc,stats    ]     CWR: VM Weak Roots              289 us, workers (us): 288,   0, ---, ---, 
[1.287s][info][gc,stats    ]     CWR: CLDG Roots                   2 us, workers (us):   2, ---, ---, ---, 
[1.287s][info][gc,stats    ]   Rendezvous                        205 us
[1.287s][info][gc,stats    ] Concurrent Cleanup                  147 us
[1.287s][info][gc,stats    ] Concurrent Class Unloading         1122 us
[1.287s][info][gc,stats    ]   Unlink Stale                      745 us
[1.287s][info][gc,stats    ]     System Dictionary                 4 us
[1.287s][info][gc,stats    ]     Weak Class Links                  0 us
[1.287s][info][gc,stats    ]     Code Roots                      739 us
[1.287s][info][gc,stats    ]   Rendezvous                        144 us
[1.287s][info][gc,stats    ]   Purge Unlinked                    161 us
[1.287s][info][gc,stats    ]     Code Roots                      134 us
[1.287s][info][gc,stats    ]     CLDG                             26 us
[1.287s][info][gc,stats    ]     Exception Caches                  0 us
[1.287s][info][gc,stats    ] Concurrent Strong Roots             821 us, parallelism: 0.52x
[1.287s][info][gc,stats    ]   CSR: <total>                      426 us
[1.287s][info][gc,stats    ]   CSR: VM Strong Roots               19 us, workers (us):  18,   1, ---, ---, 
[1.287s][info][gc,stats    ]   CSR: CLDG Roots                   407 us, workers (us): 407, ---, ---, ---, 
[1.287s][info][gc,stats    ] Concurrent Evacuation              1469 us
[1.287s][info][gc,stats    ] Pause Init Update Refs (G)          229 us
[1.287s][info][gc,stats    ] Pause Init Update Refs (N)           79 us
[1.287s][info][gc,stats    ]   Manage GCLABs                       5 us
[1.287s][info][gc,stats    ] Concurrent Update Refs             2057 us
[1.287s][info][gc,stats    ] Concurrent Update Thread Roots    11703 us
[1.287s][info][gc,stats    ] Pause Final Update Refs (G)         415 us
[1.287s][info][gc,stats    ] Pause Final Update Refs (N)         280 us
[1.287s][info][gc,stats    ]   Update Region States              136 us
[1.287s][info][gc,stats    ]   Trash Collection Set                5 us
[1.287s][info][gc,stats    ]   Rebuild Free Set                   25 us
[1.287s][info][gc,stats    ] Concurrent Cleanup                  377 us
[1.287s][info][gc,stats    ] 
[1.287s][info][gc,stats    ] Allocation pacing accrued:
[1.287s][info][gc,stats    ]       0 of   628 ms (  0.0%): <total>
[1.287s][info][gc,stats    ]       0 of   628 ms (  0.0%): <average total>
[1.287s][info][gc,stats    ] 
[1.287s][info][gc,metaspace] Metaspace: 738K(896K)->738K(896K) NonClass: 680K(768K)->680K(768K) Class: 57K(128K)->57K(128K)
[1.287s][info][gc,ergo     ] Pacer for Idle. Initial: 10485K, Alloc Tax Rate: 1.0x
[1.288s][info][gc          ] Trigger: Free (34816K) is below minimum threshold (52428K)
[1.288s][info][gc,ergo     ] Free: 34816K, Max: 256K regular, 32512K humongous, Frag: 7% external, 0% internal; Reserve: 26368K, Max: 256K
[1.288s][info][gc,start    ] GC(6) Concurrent reset
[1.288s][info][gc,task     ] GC(6) Using 2 of 4 workers for concurrent reset
[1.288s][info][gc,ergo     ] GC(6) Pacer for Reset. Non-Taxable: 512M
[1.296s][info][gc          ] GC(6) Concurrent reset 7.950ms
[1.297s][info][gc,start    ] GC(6) Pause Init Mark (unload classes)
[1.297s][info][gc,task     ] GC(6) Using 4 of 4 workers for init marking
[1.297s][info][gc,ergo     ] GC(6) Pacer for Mark. Expected Live: 214M, Free: 34816K, Non-Taxable: 3481K, Alloc Tax Rate: 7.7x
[1.297s][info][gc          ] GC(6) Pause Init Mark (unload classes) 0.370ms
[1.297s][info][gc,start    ] GC(6) Concurrent marking roots
[1.297s][info][gc,task     ] GC(6) Using 2 of 4 workers for concurrent marking roots
[1.298s][info][gc          ] GC(6) Concurrent marking roots 0.990ms
[1.298s][info][gc,start    ] GC(6) Concurrent marking (unload classes)
[1.298s][info][gc,task     ] GC(6) Using 2 of 4 workers for concurrent marking
[1.302s][info][gc          ] GC(6) Concurrent marking (unload classes) 3.823ms
[1.302s][info][gc,start    ] GC(6) Pause Final Mark (unload classes)
[1.302s][info][gc,task     ] GC(6) Using 4 of 4 workers for final marking
[1.304s][info][gc,ergo     ] GC(6) Adaptive CSet Selection. Target Free: 74274K, Actual Free: 61184K, Max CSet: 21845K, Min Garbage: 13090K
[1.304s][info][gc,ergo     ] GC(6) Collectable Garbage: 399K (100%), Immediate: 0B (0%), CSet: 399K (100%)
[1.304s][info][gc,ergo     ] GC(6) Pacer for Evacuation. Used CSet: 1279K, Free: 34816K, Non-Taxable: 3481K, Alloc Tax Rate: 1.1x
[1.304s][info][gc          ] GC(6) Pause Final Mark (unload classes) 1.707ms
[1.304s][info][gc,start    ] GC(6) Concurrent thread roots
[1.304s][info][gc,task     ] GC(6) Using 2 of 4 workers for Concurrent thread roots
[1.305s][info][gc          ] GC(6) Concurrent thread roots 0.876ms
[1.305s][info][gc,start    ] GC(6) Concurrent weak references
[1.305s][info][gc,task     ] GC(6) Using 2 of 4 workers for concurrent weak references
[1.305s][info][gc,ref      ] GC(6) Encountered references: Soft: 45, Weak: 99, Final: 0, Phantom: 18
[1.305s][info][gc,ref      ] GC(6) Discovered  references: Soft: 0, Weak: 81, Final: 0, Phantom: 16
[1.305s][info][gc,ref      ] GC(6) Enqueued    references: Soft: 0, Weak: 0, Final: 0, Phantom: 0
[1.305s][info][gc          ] GC(6) Concurrent weak references 0.252ms
[1.305s][info][gc,start    ] GC(6) Concurrent weak roots
[1.305s][info][gc,task     ] GC(6) Using 2 of 4 workers for concurrent weak root
[1.306s][info][gc          ] GC(6) Concurrent weak roots 0.821ms
[1.306s][info][gc,start    ] GC(6) Concurrent cleanup
[1.306s][info][gc          ] GC(6) Concurrent cleanup 441M->441M(512M) 0.138ms
[1.306s][info][gc,ergo     ] GC(6) Free: 34816K, Max: 256K regular, 32512K humongous, Frag: 7% external, 0% internal; Reserve: 26172K, Max: 256K
[1.306s][info][gc,start    ] GC(6) Concurrent class unloading
[1.306s][info][gc,task     ] GC(6) Using 2 of 4 workers for concurrent class unloading
[1.308s][info][gc          ] GC(6) Concurrent class unloading 1.243ms
[1.308s][info][gc,start    ] GC(6) Concurrent strong roots
[1.308s][info][gc,task     ] GC(6) Using 2 of 4 workers for concurrent strong root
[1.308s][info][gc          ] GC(6) Concurrent strong roots 0.538ms
[1.308s][info][gc,start    ] GC(6) Concurrent evacuation
[1.308s][info][gc,task     ] GC(6) Using 2 of 4 workers for concurrent evacuation
[1.310s][info][gc          ] GC(6) Concurrent evacuation 1.357ms
[1.324s][info][gc,start    ] GC(6) Pause Init Update Refs
[1.324s][info][gc,ergo     ] GC(6) Pacer for Update Refs. Used: 452M, Free: 24320K, Non-Taxable: 2432K, Alloc Tax Rate: 23.3x
[1.324s][info][gc          ] GC(6) Pause Init Update Refs 0.094ms
[1.324s][info][gc,start    ] GC(6) Concurrent update references
[1.324s][info][gc,task     ] GC(6) Using 2 of 4 workers for concurrent reference update
[1.327s][info][gc          ] GC(6) Concurrent update references 2.646ms
[1.327s][info][gc,start    ] GC(6) Concurrent update thread roots
[1.328s][info][gc          ] GC(6) Concurrent update thread roots 0.973ms
[1.328s][info][gc,start    ] GC(6) Pause Final Update Refs
[1.328s][info][gc,task     ] GC(6) Using 4 of 4 workers for final reference update
[1.328s][info][gc          ] GC(6) Pause Final Update Refs 0.239ms
[1.328s][info][gc,start    ] GC(6) Concurrent cleanup
[1.328s][info][gc          ] GC(6) Concurrent cleanup 452M->451M(512M) 0.159ms
[1.328s][info][gc,ergo     ] Free: 24382K, Max: 256K regular, 22016K humongous, Frag: 10% external, 0% internal; Reserve: 26368K, Max: 256K
[1.328s][info][gc,stats    ] 
[1.328s][info][gc,stats    ] All times are wall-clock times, except per-root-class counters, that are sum over
[1.328s][info][gc,stats    ] all workers. Dividing the <total> over the root stage time estimates parallelism.
[1.328s][info][gc,stats    ] 
[1.329s][info][gc,stats    ] Concurrent Reset                   8027 us
[1.329s][info][gc,stats    ] Pause Init Mark (G)                1087 us
[1.329s][info][gc,stats    ] Pause Init Mark (N)                 389 us
[1.329s][info][gc,stats    ]   Update Region States              236 us
[1.329s][info][gc,stats    ] Concurrent Mark Roots              1039 us, parallelism: 1.48x
[1.329s][info][gc,stats    ]   CMR: <total>                     1535 us
[1.329s][info][gc,stats    ]   CMR: Thread Roots                1419 us, workers (us): 834, 585, ---, ---, 
[1.329s][info][gc,stats    ]   CMR: VM Strong Roots               57 us, workers (us):  32,  25, ---, ---, 
[1.329s][info][gc,stats    ]   CMR: CLDG Roots                    59 us, workers (us): ---,  59, ---, ---, 
[1.329s][info][gc,stats    ] Concurrent Marking                 3876 us
[1.329s][info][gc,stats    ] Pause Final Mark (G)               1960 us
[1.329s][info][gc,stats    ] Pause Final Mark (N)               1720 us
[1.329s][info][gc,stats    ]   Finish Mark                      1300 us
[1.329s][info][gc,stats    ]   Update Region States              230 us
[1.329s][info][gc,stats    ]   Choose Collection Set              63 us
[1.329s][info][gc,stats    ]   Rebuild Free Set                   12 us
[1.329s][info][gc,stats    ] Concurrent Thread Roots             909 us, parallelism: 0.84x
[1.329s][info][gc,stats    ]   CTR: <total>                      762 us
[1.329s][info][gc,stats    ]   CTR: Thread Roots                 762 us, workers (us): 643, 119, ---, ---, 
[1.329s][info][gc,stats    ] Concurrent Weak References          263 us, parallelism: 0.11x
[1.329s][info][gc,stats    ]   CWRF: <total>                      30 us
[1.329s][info][gc,stats    ]   CWRF: Weak References              30 us, workers (us):  29,   1, ---, ---, 
[1.329s][info][gc,stats    ] Concurrent Weak Roots               879 us
[1.329s][info][gc,stats    ]   Roots                             641 us, parallelism: 0.62x
[1.329s][info][gc,stats    ]     CWR: <total>                    396 us
[1.329s][info][gc,stats    ]     CWR: Code Cache Roots           137 us, workers (us): 136,   0, ---, ---, 
[1.329s][info][gc,stats    ]     CWR: VM Weak Roots              256 us, workers (us): 126, 130, ---, ---, 
[1.329s][info][gc,stats    ]     CWR: CLDG Roots                   3 us, workers (us):   3, ---, ---, ---, 
[1.329s][info][gc,stats    ]   Rendezvous                        152 us
[1.329s][info][gc,stats    ] Concurrent Cleanup                  154 us
[1.329s][info][gc,stats    ] Concurrent Class Unloading         1288 us
[1.329s][info][gc,stats    ]   Unlink Stale                      721 us
[1.329s][info][gc,stats    ]     System Dictionary                 6 us
[1.329s][info][gc,stats    ]     Weak Class Links                  1 us
[1.329s][info][gc,stats    ]     Code Roots                      712 us
[1.329s][info][gc,stats    ]   Rendezvous                        225 us
[1.329s][info][gc,stats    ]   Purge Unlinked                    264 us
[1.329s][info][gc,stats    ]     Code Roots                      220 us
[1.329s][info][gc,stats    ]     CLDG                             43 us
[1.329s][info][gc,stats    ]     Exception Caches                  1 us
[1.329s][info][gc,stats    ] Concurrent Strong Roots             582 us, parallelism: 0.34x
[1.329s][info][gc,stats    ]   CSR: <total>                      197 us
[1.329s][info][gc,stats    ]   CSR: VM Strong Roots               15 us, workers (us):  14,   1, ---, ---, 
[1.329s][info][gc,stats    ]   CSR: CLDG Roots                   182 us, workers (us): 182, ---, ---, ---, 
[1.329s][info][gc,stats    ] Concurrent Evacuation              1405 us
[1.329s][info][gc,stats    ] Pause Init Update Refs (G)        14383 us
[1.329s][info][gc,stats    ] Pause Init Update Refs (N)          109 us
[1.329s][info][gc,stats    ]   Manage GCLABs                       8 us
[1.329s][info][gc,stats    ] Concurrent Update Refs             2700 us
[1.329s][info][gc,stats    ] Concurrent Update Thread Roots     1023 us
[1.329s][info][gc,stats    ] Pause Final Update Refs (G)         524 us
[1.329s][info][gc,stats    ] Pause Final Update Refs (N)         270 us
[1.329s][info][gc,stats    ]   Update Region States              145 us
[1.329s][info][gc,stats    ]   Trash Collection Set                5 us
[1.329s][info][gc,stats    ]   Rebuild Free Set                   19 us
[1.329s][info][gc,stats    ] Concurrent Cleanup                  177 us
[1.329s][info][gc,stats    ] Pacing                            10650 us
[1.329s][info][gc,stats    ] 
[1.329s][info][gc,stats    ] Allocation pacing accrued:
[1.329s][info][gc,stats    ]      11 of    43 ms ( 25.0%): main
[1.329s][info][gc,stats    ]      11 of    43 ms ( 25.0%): <total>
[1.329s][info][gc,stats    ]       1 of    43 ms (  1.9%): <average total>
[1.329s][info][gc,stats    ]      11 of    43 ms ( 25.0%): <average non-zero>
[1.329s][info][gc,stats    ] 
[1.330s][info][gc,metaspace] Metaspace: 738K(896K)->738K(896K) NonClass: 680K(768K)->680K(768K) Class: 57K(128K)->57K(128K)
[1.330s][info][gc,ergo     ] Pacer for Idle. Initial: 10485K, Alloc Tax Rate: 1.0x
[1.332s][info][gc          ] Trigger: Free (24382K) is below minimum threshold (52428K)
[1.332s][info][gc,ergo     ] Free: 24382K, Max: 256K regular, 22016K humongous, Frag: 10% external, 0% internal; Reserve: 26368K, Max: 256K
[1.332s][info][gc,start    ] GC(7) Concurrent reset
[1.332s][info][gc,task     ] GC(7) Using 2 of 4 workers for concurrent reset
[1.332s][info][gc,ergo     ] GC(7) Pacer for Reset. Non-Taxable: 512M
[1.334s][info][gc          ] GC(7) Concurrent reset 1.849ms
[1.350s][info][gc,start    ] GC(7) Pause Init Mark (unload classes)
[1.350s][info][gc,task     ] GC(7) Using 4 of 4 workers for init marking
[1.350s][info][gc,ergo     ] GC(7) Pacer for Mark. Expected Live: 274M, Free: 13886K, Non-Taxable: 1388K, Alloc Tax Rate: 24.8x
[1.350s][info][gc          ] GC(7) Pause Init Mark (unload classes) 0.294ms
[1.350s][info][gc,start    ] GC(7) Concurrent marking roots
[1.350s][info][gc,task     ] GC(7) Using 2 of 4 workers for concurrent marking roots
[1.351s][info][gc          ] GC(7) Concurrent marking roots 0.593ms
[1.351s][info][gc,start    ] GC(7) Concurrent marking (unload classes)
[1.351s][info][gc,task     ] GC(7) Using 2 of 4 workers for concurrent marking
[1.355s][info][gc          ] GC(7) Concurrent marking (unload classes) 4.409ms
[1.355s][info][gc,start    ] GC(7) Pause Final Mark (unload classes)
[1.355s][info][gc,task     ] GC(7) Using 4 of 4 workers for final marking
[1.356s][info][gc,ergo     ] GC(7) Adaptive CSet Selection. Target Free: 74274K, Actual Free: 40192K, Max CSet: 21845K, Min Garbage: 34082K
[1.356s][info][gc,ergo     ] GC(7) Collectable Garbage: 336K (100%), Immediate: 0B (0%), CSet: 336K (100%)
[1.356s][info][gc,ergo     ] GC(7) Pacer for Evacuation. Used CSet: 1217K, Free: 13824K, Non-Taxable: 1382K, Alloc Tax Rate: 1.1x
[1.356s][info][gc          ] GC(7) Pause Final Mark (unload classes) 0.844ms
[1.356s][info][gc,start    ] GC(7) Concurrent thread roots
[1.356s][info][gc,task     ] GC(7) Using 2 of 4 workers for Concurrent thread roots
[1.357s][info][gc          ] GC(7) Concurrent thread roots 0.728ms
[1.357s][info][gc,start    ] GC(7) Concurrent weak references
[1.357s][info][gc,task     ] GC(7) Using 2 of 4 workers for concurrent weak references
[1.357s][info][gc,ref      ] GC(7) Encountered references: Soft: 45, Weak: 99, Final: 0, Phantom: 18
[1.357s][info][gc,ref      ] GC(7) Discovered  references: Soft: 0, Weak: 78, Final: 0, Phantom: 16
[1.357s][info][gc,ref      ] GC(7) Enqueued    references: Soft: 0, Weak: 0, Final: 0, Phantom: 0
[1.357s][info][gc          ] GC(7) Concurrent weak references 0.203ms
[1.357s][info][gc,start    ] GC(7) Concurrent weak roots
[1.357s][info][gc,task     ] GC(7) Using 2 of 4 workers for concurrent weak root
[1.357s][info][gc          ] GC(7) Concurrent weak roots 0.474ms
[1.357s][info][gc,start    ] GC(7) Concurrent cleanup
[1.358s][info][gc          ] GC(7) Concurrent cleanup 461M->461M(512M) 0.294ms
[1.358s][info][gc,ergo     ] GC(7) Free: 13824K, Max: 256K regular, 11520K humongous, Frag: 17% external, 0% internal; Reserve: 26234K, Max: 256K
[1.358s][info][gc,start    ] GC(7) Concurrent class unloading
[1.358s][info][gc,task     ] GC(7) Using 2 of 4 workers for concurrent class unloading
[1.359s][info][gc          ] GC(7) Concurrent class unloading 1.168ms
[1.359s][info][gc,start    ] GC(7) Concurrent strong roots
[1.359s][info][gc,task     ] GC(7) Using 2 of 4 workers for concurrent strong root
[1.359s][info][gc          ] GC(7) Concurrent strong roots 0.430ms
[1.359s][info][gc,start    ] GC(7) Concurrent evacuation
[1.359s][info][gc,task     ] GC(7) Using 2 of 4 workers for concurrent evacuation
[1.361s][info][gc          ] GC(7) Concurrent evacuation 1.078ms
[1.361s][info][gc,start    ] GC(7) Pause Init Update Refs
[1.361s][info][gc,ergo     ] GC(7) Pacer for Update Refs. Used: 462M, Free: 13824K, Non-Taxable: 1382K, Alloc Tax Rate: 41.9x
[1.361s][info][gc          ] GC(7) Pause Init Update Refs 0.032ms
[1.361s][info][gc,start    ] GC(7) Concurrent update references
[1.361s][info][gc,task     ] GC(7) Using 2 of 4 workers for concurrent reference update
[1.363s][info][gc          ] GC(7) Concurrent update references 2.095ms
[1.363s][info][gc,start    ] GC(7) Concurrent update thread roots
[1.363s][info][gc          ] GC(7) Concurrent update thread roots 0.704ms
[1.378s][info][gc,start    ] GC(7) Pause Final Update Refs
[1.378s][info][gc,task     ] GC(7) Using 4 of 4 workers for final reference update
[1.379s][info][gc          ] GC(7) Pause Final Update Refs 0.231ms
[1.379s][info][gc,start    ] GC(7) Concurrent cleanup
[1.379s][info][gc          ] GC(7) Concurrent cleanup 472M->471M(512M) 0.185ms
[1.379s][info][gc,ergo     ] Free: 3280K, Max: 256K regular, 2048K humongous, Frag: 34% external, 1% internal; Reserve: 26368K, Max: 256K
[1.379s][info][gc,stats    ] 
[1.379s][info][gc,stats    ] All times are wall-clock times, except per-root-class counters, that are sum over
[1.379s][info][gc,stats    ] all workers. Dividing the <total> over the root stage time estimates parallelism.
[1.379s][info][gc,stats    ] 
[1.379s][info][gc,stats    ] Concurrent Reset                   1898 us
[1.379s][info][gc,stats    ] Pause Init Mark (G)               15622 us
[1.379s][info][gc,stats    ] Pause Init Mark (N)                 307 us
[1.379s][info][gc,stats    ]   Update Region States              167 us
[1.379s][info][gc,stats    ] Concurrent Mark Roots               613 us, parallelism: 1.18x
[1.379s][info][gc,stats    ]   CMR: <total>                      727 us
[1.379s][info][gc,stats    ]   CMR: Thread Roots                 665 us, workers (us): 452, 213, ---, ---, 
[1.379s][info][gc,stats    ]   CMR: VM Strong Roots                6 us, workers (us):   5,   1, ---, ---, 
[1.379s][info][gc,stats    ]   CMR: CLDG Roots                    55 us, workers (us):  55, ---, ---, ---, 
[1.379s][info][gc,stats    ] Concurrent Marking                 4452 us
[1.379s][info][gc,stats    ] Pause Final Mark (G)                948 us
[1.379s][info][gc,stats    ] Pause Final Mark (N)                856 us
[1.379s][info][gc,stats    ]   Finish Mark                       643 us
[1.379s][info][gc,stats    ]   Update Region States               85 us
[1.379s][info][gc,stats    ]   Choose Collection Set              51 us
[1.379s][info][gc,stats    ]   Rebuild Free Set                   12 us
[1.379s][info][gc,stats    ] Concurrent Thread Roots             754 us, parallelism: 0.75x
[1.379s][info][gc,stats    ]   CTR: <total>                      567 us
[1.379s][info][gc,stats    ]   CTR: Thread Roots                 567 us, workers (us): 558,   9, ---, ---, 
[1.379s][info][gc,stats    ] Concurrent Weak References          214 us, parallelism: 0.05x
[1.380s][info][gc,stats    ]   CWRF: <total>                      12 us
[1.380s][info][gc,stats    ]   CWRF: Weak References              12 us, workers (us):  12,   0, ---, ---, 
[1.380s][info][gc,stats    ] Concurrent Weak Roots               496 us
[1.380s][info][gc,stats    ]   Roots                             326 us, parallelism: 0.62x
[1.380s][info][gc,stats    ]     CWR: <total>                    202 us
[1.380s][info][gc,stats    ]     CWR: Code Cache Roots            63 us, workers (us):  63,   0, ---, ---, 
[1.380s][info][gc,stats    ]     CWR: VM Weak Roots              137 us, workers (us): 136,   0, ---, ---, 
[1.380s][info][gc,stats    ]     CWR: CLDG Roots                   2 us, workers (us):   2, ---, ---, ---, 
[1.380s][info][gc,stats    ]   Rendezvous                        124 us
[1.380s][info][gc,stats    ] Concurrent Cleanup                  307 us
[1.380s][info][gc,stats    ] Concurrent Class Unloading         1236 us
[1.380s][info][gc,stats    ]   Unlink Stale                      676 us
[1.380s][info][gc,stats    ]     System Dictionary                 5 us
[1.380s][info][gc,stats    ]     Weak Class Links                  1 us
[1.380s][info][gc,stats    ]     Code Roots                      669 us
[1.380s][info][gc,stats    ]   Rendezvous                        196 us
[1.380s][info][gc,stats    ]   Purge Unlinked                    269 us
[1.380s][info][gc,stats    ]     Code Roots                      216 us
[1.380s][info][gc,stats    ]     CLDG                             52 us
[1.380s][info][gc,stats    ]     Exception Caches                  1 us
[1.380s][info][gc,stats    ] Concurrent Strong Roots             469 us, parallelism: 0.43x
[1.380s][info][gc,stats    ]   CSR: <total>                      204 us
[1.380s][info][gc,stats    ]   CSR: VM Strong Roots               14 us, workers (us):  13,   1, ---, ---, 
[1.380s][info][gc,stats    ]   CSR: CLDG Roots                   190 us, workers (us): 190, ---, ---, ---, 
[1.380s][info][gc,stats    ] Concurrent Evacuation              1108 us
[1.380s][info][gc,stats    ] Pause Init Update Refs (G)           85 us
[1.380s][info][gc,stats    ] Pause Init Update Refs (N)           43 us
[1.380s][info][gc,stats    ]   Manage GCLABs                       3 us
[1.380s][info][gc,stats    ] Concurrent Update Refs             2135 us
[1.380s][info][gc,stats    ] Concurrent Update Thread Roots      730 us
[1.380s][info][gc,stats    ] Pause Final Update Refs (G)       15469 us
[1.380s][info][gc,stats    ] Pause Final Update Refs (N)         249 us
[1.380s][info][gc,stats    ]   Update Region States              131 us
[1.380s][info][gc,stats    ]   Trash Collection Set                4 us
[1.380s][info][gc,stats    ]   Rebuild Free Set                   12 us
[1.380s][info][gc,stats    ] Concurrent Cleanup                  204 us
[1.380s][info][gc,stats    ] Pacing                             2657 us
[1.380s][info][gc,stats    ] 
[1.380s][info][gc,stats    ] Allocation pacing accrued:
[1.380s][info][gc,stats    ]       3 of    51 ms (  5.2%): main
[1.380s][info][gc,stats    ]       3 of    51 ms (  5.2%): <total>
[1.380s][info][gc,stats    ]       0 of    51 ms (  0.4%): <average total>
[1.380s][info][gc,stats    ]       3 of    51 ms (  5.2%): <average non-zero>
[1.380s][info][gc,stats    ] 
[1.380s][info][gc,metaspace] Metaspace: 738K(896K)->752K(896K) NonClass: 680K(768K)->693K(768K) Class: 57K(128K)->58K(128K)
[1.380s][info][gc,ergo     ] Pacer for Idle. Initial: 10485K, Alloc Tax Rate: 1.0x
[1.382s][info][gc          ] Trigger: Free (3242K) is below minimum threshold (52428K)
[1.382s][info][gc,ergo     ] Free: 3242K, Max: 256K regular, 2048K humongous, Frag: 34% external, 2% internal; Reserve: 26368K, Max: 256K
[1.382s][info][gc,start    ] GC(8) Concurrent reset
[1.382s][info][gc,task     ] GC(8) Using 2 of 4 workers for concurrent reset
[1.382s][info][gc,ergo     ] GC(8) Pacer for Reset. Non-Taxable: 512M
[1.385s][info][gc          ] GC(8) Concurrent reset 2.664ms
[1.385s][info][gc,start    ] GC(8) Pause Init Mark (unload classes)
[1.386s][info][gc,task     ] GC(8) Using 4 of 4 workers for init marking
[1.386s][info][gc,ergo     ] GC(8) Pacer for Mark. Expected Live: 334M, Free: 3115K, Non-Taxable: 311K, Alloc Tax Rate: 134.5x
[1.386s][info][gc          ] GC(8) Pause Init Mark (unload classes) 0.542ms
[1.386s][info][gc,start    ] GC(8) Concurrent marking roots
[1.386s][info][gc,task     ] GC(8) Using 2 of 4 workers for concurrent marking roots
[1.387s][info][gc          ] GC(8) Concurrent marking roots 0.977ms
[1.387s][info][gc,start    ] GC(8) Concurrent marking (unload classes)
[1.387s][info][gc,task     ] GC(8) Using 2 of 4 workers for concurrent marking
[1.391s][info][gc          ] GC(8) Concurrent marking (unload classes) 3.380ms
[1.392s][info][gc,start    ] GC(8) Pause Final Mark (unload classes)
[1.392s][info][gc,task     ] GC(8) Using 4 of 4 workers for final marking
[1.393s][info][gc,ergo     ] GC(8) Adaptive CSet Selection. Target Free: 74274K, Actual Free: 29440K, Max CSet: 21845K, Min Garbage: 44834K
[1.393s][info][gc,ergo     ] GC(8) Collectable Garbage: 424K (100%), Immediate: 0B (0%), CSet: 424K (100%)
[1.393s][info][gc,ergo     ] GC(8) Pacer for Evacuation. Used CSet: 1517K, Free: 3072K, Non-Taxable: 307K, Alloc Tax Rate: 1.2x
[1.393s][info][gc          ] GC(8) Pause Final Mark (unload classes) 0.932ms
[1.393s][info][gc,start    ] GC(8) Concurrent thread roots
[1.393s][info][gc,task     ] GC(8) Using 2 of 4 workers for Concurrent thread roots
[1.394s][info][gc          ] GC(8) Concurrent thread roots 0.852ms
[1.394s][info][gc,start    ] GC(8) Concurrent weak references
[1.394s][info][gc,task     ] GC(8) Using 2 of 4 workers for concurrent weak references
[1.394s][info][gc,ref      ] GC(8) Encountered references: Soft: 45, Weak: 99, Final: 0, Phantom: 19
[1.394s][info][gc,ref      ] GC(8) Discovered  references: Soft: 0, Weak: 81, Final: 0, Phantom: 9
[1.394s][info][gc,ref      ] GC(8) Enqueued    references: Soft: 0, Weak: 0, Final: 0, Phantom: 0
[1.394s][info][gc          ] GC(8) Concurrent weak references 0.377ms
[1.394s][info][gc,start    ] GC(8) Concurrent weak roots
[1.394s][info][gc,task     ] GC(8) Using 2 of 4 workers for concurrent weak root
[1.395s][info][gc          ] GC(8) Concurrent weak roots 0.581ms
[1.395s][info][gc,start    ] GC(8) Concurrent cleanup
[1.395s][info][gc          ] Failed to allocate Shared, 10240K
[1.395s][info][gc          ] Cancelling GC: Allocation Failure
[1.395s][info][gc          ] GC(8) Concurrent cleanup 471M->471M(512M) 0.139ms
[1.395s][info][gc,ergo     ] GC(8) Free: 3069K, Max: 256K regular, 1792K humongous, Frag: 37% external, 0% internal; Reserve: 26204K, Max: 256K
[1.395s][info][gc,start    ] GC(8) Concurrent class unloading
[1.395s][info][gc,task     ] GC(8) Using 2 of 4 workers for concurrent class unloading
[1.396s][info][gc          ] GC(8) Concurrent class unloading 1.224ms
[1.396s][info][gc,start    ] GC(8) Concurrent strong roots
[1.396s][info][gc,task     ] GC(8) Using 2 of 4 workers for concurrent strong root
[1.397s][info][gc          ] GC(8) Concurrent strong roots 0.398ms
[1.397s][info][gc,start    ] GC(8) Concurrent evacuation
[1.397s][info][gc,task     ] GC(8) Using 2 of 4 workers for concurrent evacuation
[1.397s][info][gc          ] GC(8) Concurrent evacuation 0.443ms
[1.397s][info][gc,ergo     ] Free: 3033K, Max: 256K regular, 1792K humongous, Frag: 37% external, 1% internal; Reserve: 25600K, Max: 256K
[1.397s][info][gc,stats    ] 
[1.397s][info][gc,stats    ] All times are wall-clock times, except per-root-class counters, that are sum over
[1.397s][info][gc,stats    ] all workers. Dividing the <total> over the root stage time estimates parallelism.
[1.397s][info][gc,stats    ] 
[1.397s][info][gc,stats    ] Concurrent Reset                   2711 us
[1.397s][info][gc,stats    ] Pause Init Mark (G)                1732 us
[1.397s][info][gc,stats    ] Pause Init Mark (N)                 562 us
[1.397s][info][gc,stats    ]   Update Region States              378 us
[1.397s][info][gc,stats    ] Concurrent Mark Roots              1022 us, parallelism: 0.79x
[1.397s][info][gc,stats    ]   CMR: <total>                      811 us
[1.397s][info][gc,stats    ]   CMR: Thread Roots                 751 us, workers (us): 751,   0, ---, ---, 
[1.397s][info][gc,stats    ]   CMR: VM Strong Roots                6 us, workers (us):   5,   1, ---, ---, 
[1.397s][info][gc,stats    ]   CMR: CLDG Roots                    54 us, workers (us):  54, ---, ---, ---, 
[1.397s][info][gc,stats    ] Concurrent Marking                 3431 us
[1.397s][info][gc,stats    ] Pause Final Mark (G)               1873 us
[1.397s][info][gc,stats    ] Pause Final Mark (N)                945 us
[1.397s][info][gc,stats    ]   Finish Mark                       574 us
[1.397s][info][gc,stats    ]   Update Region States              182 us
[1.397s][info][gc,stats    ]   Choose Collection Set              59 us
[1.397s][info][gc,stats    ]   Rebuild Free Set                   12 us
[1.397s][info][gc,stats    ] Concurrent Thread Roots             905 us, parallelism: 0.81x
[1.397s][info][gc,stats    ]   CTR: <total>                      734 us
[1.397s][info][gc,stats    ]   CTR: Thread Roots                 734 us, workers (us): 734,   0, ---, ---, 
[1.397s][info][gc,stats    ] Concurrent Weak References          392 us, parallelism: 0.05x
[1.397s][info][gc,stats    ]   CWRF: <total>                      21 us
[1.397s][info][gc,stats    ]   CWRF: Weak References              21 us, workers (us):  17,   4, ---, ---, 
[1.397s][info][gc,stats    ] Concurrent Weak Roots               633 us
[1.397s][info][gc,stats    ]   Roots                             418 us, parallelism: 0.66x
[1.397s][info][gc,stats    ]     CWR: <total>                    276 us
[1.397s][info][gc,stats    ]     CWR: Code Cache Roots            90 us, workers (us):  90,   0, ---, ---, 
[1.398s][info][gc,stats    ]     CWR: VM Weak Roots              183 us, workers (us): 138,  45, ---, ---, 
[1.398s][info][gc,stats    ]     CWR: CLDG Roots                   2 us, workers (us): ---,   2, ---, ---, 
[1.398s][info][gc,stats    ]   Rendezvous                        132 us
[1.398s][info][gc,stats    ] Concurrent Cleanup                  227 us
[1.398s][info][gc,stats    ] Concurrent Class Unloading         1271 us
[1.398s][info][gc,stats    ]   Unlink Stale                      682 us
[1.398s][info][gc,stats    ]     System Dictionary                 4 us
[1.398s][info][gc,stats    ]     Weak Class Links                  0 us
[1.398s][info][gc,stats    ]     Code Roots                      676 us
[1.398s][info][gc,stats    ]   Rendezvous                        242 us
[1.398s][info][gc,stats    ]   Purge Unlinked                    267 us
[1.398s][info][gc,stats    ]     Code Roots                      255 us
[1.398s][info][gc,stats    ]     CLDG                             11 us
[1.398s][info][gc,stats    ]     Exception Caches                  1 us
[1.398s][info][gc,stats    ] Concurrent Strong Roots             434 us, parallelism: 0.28x
[1.398s][info][gc,stats    ]   CSR: <total>                      122 us
[1.398s][info][gc,stats    ]   CSR: VM Strong Roots               13 us, workers (us):  13,   0, ---, ---, 
[1.398s][info][gc,stats    ]   CSR: CLDG Roots                   108 us, workers (us): 108, ---, ---, ---, 
[1.398s][info][gc,stats    ] Concurrent Evacuation               477 us
[1.398s][info][gc,stats    ] Pacing                             9467 us
[1.398s][info][gc,stats    ] 
[1.398s][info][gc,stats    ] Allocation pacing accrued:
[1.398s][info][gc,stats    ]       5 of    18 ms ( 30.2%): main
[1.398s][info][gc,stats    ]       4 of    18 ms ( 23.3%): Attach Listener
[1.398s][info][gc,stats    ]       9 of    18 ms ( 53.5%): <total>
[1.398s][info][gc,stats    ]       1 of    18 ms (  4.1%): <average total>
[1.398s][info][gc,stats    ]       5 of    18 ms ( 26.7%): <average non-zero>
[1.398s][info][gc,stats    ] 
[1.398s][info][gc,metaspace] Metaspace: 757K(896K)->792K(960K) NonClass: 698K(768K)->730K(832K) Class: 58K(128K)->61K(128K)
[1.398s][info][gc,ergo     ] Pacer for Idle. Initial: 10485K, Alloc Tax Rate: 1.0x
[1.399s][info][gc          ] Trigger: Handle Allocation Failure
[1.399s][info][gc,ergo     ] Free: 2991K, Max: 256K regular, 1792K humongous, Frag: 37% external, 2% internal; Reserve: 25583K, Max: 256K
[1.400s][info][gc,start    ] GC(9) Pause Degenerated GC (Evacuation)
[1.400s][info][gc,task     ] GC(9) Using 4 of 4 workers for stw degenerated gc
[1.404s][info][gc,ergo     ] GC(9) Bad progress for free space: 2735K, need 5242K
[1.404s][info][gc          ] GC(9) Cancelling GC: Upgrade To Full GC
[1.406s][info][gc,phases,start] GC(9) Phase 1: Mark live objects
[1.406s][info][gc,ref         ] GC(9) Clearing All SoftReferences
[1.406s][info][gc,ref         ] GC(9) Clearing All SoftReferences
[1.407s][info][gc,ref         ] GC(9) Encountered references: Soft: 69, Weak: 103, Final: 0, Phantom: 19
[1.407s][info][gc,ref         ] GC(9) Discovered  references: Soft: 66, Weak: 84, Final: 0, Phantom: 15
[1.407s][info][gc,ref         ] GC(9) Enqueued    references: Soft: 27, Weak: 1, Final: 0, Phantom: 1
[1.408s][info][gc,phases      ] GC(9) Phase 1: Mark live objects 2.041ms
[1.408s][info][gc,phases,start] GC(9) Phase 2: Compute new object addresses
[1.408s][info][gc,phases      ] GC(9) Phase 2: Compute new object addresses 0.738ms
[1.408s][info][gc,phases,start] GC(9) Phase 3: Adjust pointers
[1.410s][info][gc,phases      ] GC(9) Phase 3: Adjust pointers 1.672ms
[1.410s][info][gc,phases,start] GC(9) Phase 4: Move objects
[1.573s][info][gc,phases      ] GC(9) Phase 4: Move objects 162.979ms
[1.574s][info][gc,ergo        ] GC(9) Bad progress for free space: 3490K, need 5242K
[1.574s][info][gc             ] GC(9) Pause Degenerated GC (Evacuation) 472M->471M(512M) 174.095ms
[1.574s][info][gc,ergo        ] Free: 3487K, Max: 256K regular, 2560K humongous, Frag: 17% external, 19% internal; Reserve: 26368K, Max: 256K
[1.574s][info][gc,stats       ] 
[1.574s][info][gc,stats       ] All times are wall-clock times, except per-root-class counters, that are sum over
[1.574s][info][gc,stats       ] all workers. Dividing the <total> over the root stage time estimates parallelism.
[1.574s][info][gc,stats       ] 
[1.574s][info][gc,stats       ] Pause Degenerated GC (G)         174885 us
[1.574s][info][gc,stats       ] Pause Degenerated GC (N)         174124 us
[1.574s][info][gc,stats       ]   Evacuation                        786 us
[1.574s][info][gc,stats       ]   Manage GCLABs                       4 us
[1.574s][info][gc,stats       ]   Update References                1393 us
[1.574s][info][gc,stats       ]   Update Region States              171 us
[1.574s][info][gc,stats       ]   Trash Collection Set                5 us
[1.574s][info][gc,stats       ]   Rebuild Free Set                   22 us
[1.574s][info][gc,stats       ]   Degen Update Roots                891 us, parallelism: 1.63x
[1.574s][info][gc,stats       ]     DU: <total>                    1452 us
[1.574s][info][gc,stats       ]     DU: Thread Roots               1080 us, workers (us): 504,   3, 573,   0, 
[1.574s][info][gc,stats       ]     DU: Code Cache Roots            290 us, workers (us):   0, 289,   1,   0, 
[1.574s][info][gc,stats       ]     DU: VM Strong Roots               4 us, workers (us):   3,   1,   1,   0, 
[1.574s][info][gc,stats       ]     DU: VM Weak Roots                56 us, workers (us):  42,  12,   1,   1, 
[1.574s][info][gc,stats       ]     DU: CLDG Roots                   22 us, workers (us):  17,   3,   1,   1, 
[1.574s][info][gc,stats       ]   Cleanup                           127 us
[1.574s][info][gc,stats       ]   Pre Heap Dump                       1 us
[1.574s][info][gc,stats       ]   Prepare                          1877 us
[1.574s][info][gc,stats       ]   Mark                             1984 us, parallelism: 1.71x
[1.574s][info][gc,stats       ]     FM: <total>                    3392 us
[1.575s][info][gc,stats       ]     FM: Thread Roots                 92 us, workers (us):  49,  39,   2,   2, 
[1.575s][info][gc,stats       ]     FM: VM Strong Roots               4 us, workers (us):   0,   3,   1,   0, 
[1.575s][info][gc,stats       ]     FM: CLDG Roots                   64 us, workers (us):  54,   1,   8,   1, 
[1.575s][info][gc,stats       ]     FM: Parallel Mark              3232 us, workers (us): 812, 827, 802, 791, 
[1.575s][info][gc,stats       ]     System Purge                    682 us
[1.575s][info][gc,stats       ]       Weak References               299 us, parallelism: 0.05x
[1.575s][info][gc,stats       ]         WRP: <total>                 16 us
[1.575s][info][gc,stats       ]         WRP: Weak References         16 us, workers (us):  16,   0,   0,   0, 
[1.575s][info][gc,stats       ]       Unload Classes                190 us, parallelism: 1.75x
[1.575s][info][gc,stats       ]         CU: <total>                 333 us
[1.575s][info][gc,stats       ]         CU: Unload Code Caches      333 us, workers (us): 122, 115,  96,   0, 
[1.575s][info][gc,stats       ]       Weak Roots                    188 us, parallelism: 0.24x
[1.575s][info][gc,stats       ]         WR: <total>                  46 us
[1.575s][info][gc,stats       ]         WR: VM Weak Roots            46 us, workers (us):  41,   1,   2,   1, 
[1.575s][info][gc,stats       ]       CLDG                            1 us
[1.575s][info][gc,stats       ]   Calculate Addresses               716 us
[1.575s][info][gc,stats       ]     Regular Objects                 509 us
[1.575s][info][gc,stats       ]     Humongous Objects                25 us
[1.575s][info][gc,stats       ]   Adjust Pointers                  1655 us
[1.575s][info][gc,stats       ]     FA: <total>                     391 us
[1.575s][info][gc,stats       ]     FA: Thread Roots                 67 us, workers (us):   2,  65,   0,   0, 
[1.575s][info][gc,stats       ]     FA: Code Cache Roots            258 us, workers (us): 258,   0,   0,   0, 
[1.575s][info][gc,stats       ]     FA: VM Strong Roots               5 us, workers (us):   4,   0,   0,   0, 
[1.575s][info][gc             ] Failed to allocate Shared, 10240K
[1.575s][info][gc             ] Cancelling GC: Allocation Failure
[1.575s][info][gc,stats       ]     FA: VM Weak Roots                36 us, workers (us):  35,   1,   0,   0, 
[1.575s][info][gc,stats       ]     FA: CLDG Roots                   24 us, workers (us):  23,   1,   0,   0, 
[1.575s][info][gc,stats       ]   Copy Objects                   162964 us
[1.575s][info][gc,stats       ]     Regular Objects                1209 us
[1.575s][info][gc,stats       ]     Humongous Objects            160326 us
[1.575s][info][gc,stats       ]     Reset Complete Bitmap          1211 us
[1.575s][info][gc,stats       ]     Rebuild Region Sets             214 us
[1.575s][info][gc,stats       ]   Post Heap Dump                      2 us
[1.575s][info][gc,stats       ] 
[1.575s][info][gc,stats       ] Allocation pacing accrued:
[1.575s][info][gc,stats       ]       0 of   178 ms (  0.0%): <total>
[1.575s][info][gc,stats       ]       0 of   178 ms (  0.0%): <average total>
[1.575s][info][gc,stats       ] 
[1.576s][info][gc,metaspace   ] Metaspace: 793K(960K)->804K(960K) NonClass: 732K(832K)->742K(832K) Class: 61K(128K)->61K(128K)
[1.576s][info][gc,ergo        ] Pacer for Idle. Initial: 10485K, Alloc Tax Rate: 1.0x
[1.578s][info][gc             ] Trigger: Handle Allocation Failure
[1.578s][info][gc,ergo        ] Free: 3476K, Max: 256K regular, 2560K humongous, Frag: 17% external, 15% internal; Reserve: 26368K, Max: 256K
[1.578s][info][gc,start       ] GC(10) Pause Degenerated GC (Outside of Cycle)
[1.578s][info][gc,task        ] GC(10) Using 4 of 4 workers for stw degenerated gc
[1.579s][info][gc,ref         ] GC(10) Clearing All SoftReferences
[1.580s][info][gc,ref         ] GC(10) Encountered references: Soft: 43, Weak: 102, Final: 0, Phantom: 18
[1.580s][info][gc,ref         ] GC(10) Discovered  references: Soft: 41, Weak: 31, Final: 0, Phantom: 14
[1.580s][info][gc,ref         ] GC(10) Enqueued    references: Soft: 1, Weak: 0, Final: 0, Phantom: 0
[1.581s][info][gc,ergo        ] GC(10) Adaptive CSet Selection. Target Free: 74274K, Actual Free: 29440K, Max CSet: 21845K, Min Garbage: 44834K
[1.581s][info][gc,ergo        ] GC(10) Collectable Garbage: 8512B (100%), Immediate: 0B (0%), CSet: 8512B (100%)
[1.586s][info][gc,ergo        ] GC(10) Bad progress for free space: 3072K, need 5242K
[1.586s][info][gc             ] GC(10) Cancelling GC: Upgrade To Full GC
[1.588s][info][gc,phases,start] GC(10) Phase 1: Mark live objects
[1.588s][info][gc,ref         ] GC(10) Clearing All SoftReferences
[1.588s][info][gc,ref         ] GC(10) Clearing All SoftReferences
[1.590s][info][gc,ref         ] GC(10) Encountered references: Soft: 42, Weak: 102, Final: 0, Phantom: 18
[1.590s][info][gc,ref         ] GC(10) Discovered  references: Soft: 35, Weak: 81, Final: 0, Phantom: 16
[1.590s][info][gc,ref         ] GC(10) Enqueued    references: Soft: 0, Weak: 0, Final: 0, Phantom: 0
[1.590s][info][gc,phases      ] GC(10) Phase 1: Mark live objects 1.942ms
[1.590s][info][gc,phases,start] GC(10) Phase 2: Compute new object addresses
[1.591s][info][gc,phases      ] GC(10) Phase 2: Compute new object addresses 0.586ms
[1.591s][info][gc,phases,start] GC(10) Phase 3: Adjust pointers
[1.592s][info][gc,phases      ] GC(10) Phase 3: Adjust pointers 1.082ms
[1.592s][info][gc,phases,start] GC(10) Phase 4: Move objects
[1.594s][info][gc,phases      ] GC(10) Phase 4: Move objects 2.245ms
[1.596s][info][gc,ergo        ] GC(10) Bad progress for free space: 3482K, need 5242K
[1.596s][info][gc             ] GC(10) Pause Degenerated GC (Outside of Cycle) 471M->471M(512M) 17.535ms
[1.597s][info][gc,ergo        ] Free: 3473K, Max: 256K regular, 2560K humongous, Frag: 17% external, 24% internal; Reserve: 26368K, Max: 256K
[1.597s][info][gc,stats       ] 
[1.597s][info][gc             ] Failed to allocate Shared, 10240K
[1.597s][info][gc             ] Cancelling GC: Allocation Failure
[1.597s][info][gc,stats       ] All times are wall-clock times, except per-root-class counters, that are sum over
[1.597s][info][gc,stats       ] all workers. Dividing the <total> over the root stage time estimates parallelism.
[1.597s][info][gc,stats       ] 
[1.597s][info][gc,stats       ] Pause Degenerated GC (G)          18858 us
[1.597s][info][gc,stats       ] Pause Degenerated GC (N)          17557 us
[1.597s][info][gc,stats       ]   Degen STW Mark                   1481 us, parallelism: 3.11x
[1.597s][info][gc,stats       ]     DSM: <total>                   4607 us
[1.597s][info][gc,stats       ]     DSM: Thread Roots               198 us, workers (us): 153,  42,   1,   2, 
[1.597s][info][gc,stats       ]     DSM: VM Strong Roots              5 us, workers (us):   0,   4,   0,   0, 
[1.597s][info][gc,stats       ]     DSM: CLDG Roots                  70 us, workers (us):   1,  67,   1,   2, 
[1.597s][info][gc,stats       ]     DSM: Parallel Mark             4333 us, workers (us): 1102, 1104, 1081, 1046, 
[1.597s][info][gc,stats       ]     System Purge                    794 us
[1.597s][info][gc,stats       ]       Weak References               244 us, parallelism: 0.04x
[1.597s][info][gc,stats       ]         WRP: <total>                 10 us
[1.597s][info][gc,stats       ]         WRP: Weak References         10 us, workers (us):   9,   0,   0,   0, 
[1.597s][info][gc,stats       ]       Unload Classes                377 us, parallelism: 1.22x
[1.597s][info][gc,stats       ]         DCU: <total>                461 us
[1.597s][info][gc,stats       ]         DCU: Unload Code Caches      461 us, workers (us): 177, 110, 174,   0, 
[1.597s][info][gc,stats       ]       Weak Roots                    169 us, parallelism: 0.34x
[1.597s][info][gc,stats       ]         DWR: <total>                 58 us
[1.597s][info][gc,stats       ]         DWR: VM Weak Roots           58 us, workers (us):  54,   1,   1,   1, 
[1.597s][info][gc,stats       ]       CLDG                            1 us
[1.597s][info][gc,stats       ]   Update Region States              163 us
[1.597s][info][gc,stats       ]   Manage GC/TLABs                     5 us
[1.597s][info][gc,stats       ]   Choose Collection Set             105 us
[1.597s][info][gc,stats       ]   Rebuild Free Set                   33 us
[1.597s][info][gc,stats       ]   Evacuation                       1026 us
[1.597s][info][gc,stats       ]   Manage GCLABs                       6 us
[1.597s][info][gc,stats       ]   Update References                2586 us
[1.597s][info][gc,stats       ]   Update Region States              194 us
[1.597s][info][gc,stats       ]   Trash Collection Set                7 us
[1.597s][info][gc,stats       ]   Rebuild Free Set                   51 us
[1.597s][info][gc,stats       ]   Degen Update Roots                645 us, parallelism: 0.82x
[1.597s][info][gc,stats       ]     DU: <total>                     529 us
[1.597s][info][gc,stats       ]     DU: Thread Roots                115 us, workers (us):   1,  58,  55,   1, 
[1.597s][info][gc,stats       ]     DU: Code Cache Roots            318 us, workers (us): 317,   1,   0,   0, 
[1.597s][info][gc,stats       ]     DU: VM Strong Roots               7 us, workers (us):   5,   1,   1,   0, 
[1.598s][info][gc,stats       ]     DU: VM Weak Roots                50 us, workers (us):  47,   2,   1,   0, 
[1.598s][info][gc,stats       ]     DU: CLDG Roots                   39 us, workers (us):  34,   2,   2,   0, 
[1.598s][info][gc,stats       ]   Cleanup                           119 us
[1.598s][info][gc,stats       ]   Pre Heap Dump                       1 us
[1.598s][info][gc,stats       ]   Prepare                          1799 us
[1.598s][info][gc,stats       ]   Mark                             1888 us, parallelism: 2.05x
[1.598s][info][gc,stats       ]     FM: <total>                    3864 us
[1.598s][info][gc,stats       ]     FM: Thread Roots                 74 us, workers (us):  69,   3,   2,   1, 
[1.598s][info][gc,stats       ]     FM: VM Strong Roots               7 us, workers (us):   1,   5,   0,   1, 
[1.598s][info][gc,stats       ]     FM: CLDG Roots                   59 us, workers (us):  55,   2,   1,   1, 
[1.598s][info][gc,stats       ]     FM: Parallel Mark              3724 us, workers (us): 941, 1002, 883, 899, 
[1.598s][info][gc,stats       ]     System Purge                    481 us
[1.598s][info][gc,stats       ]       Weak References               195 us, parallelism: 0.05x
[1.598s][info][gc,stats       ]         WRP: <total>                  9 us
[1.598s][info][gc,stats       ]         WRP: Weak References          9 us, workers (us):   9,   0,   0,   1, 
[1.598s][info][gc,stats       ]       Unload Classes                218 us, parallelism: 1.54x
[1.598s][info][gc,stats       ]         CU: <total>                 336 us
[1.598s][info][gc,stats       ]         CU: Unload Code Caches      336 us, workers (us): 124, 103, 110,   0, 
[1.598s][info][gc,stats       ]       Weak Roots                     64 us, parallelism: 0.58x
[1.598s][info][gc,stats       ]         WR: <total>                  37 us
[1.598s][info][gc,stats       ]         WR: VM Weak Roots            37 us, workers (us):  34,   1,   1,   1, 
[1.598s][info][gc,stats       ]       CLDG                            1 us
[1.598s][info][gc,stats       ]   Calculate Addresses               573 us
[1.598s][info][gc,stats       ]     Regular Objects                 510 us
[1.598s][info][gc,stats       ]     Humongous Objects                17 us
[1.598s][info][gc,stats       ]   Adjust Pointers                  1070 us
[1.598s][info][gc,stats       ]     FA: <total>                     360 us
[1.598s][info][gc,stats       ]     FA: Thread Roots                 56 us, workers (us):  53,   2,   0,   0, 
[1.598s][info][gc,stats       ]     FA: Code Cache Roots            248 us, workers (us):   0, 248,   0,   0, 
[1.598s][info][gc,stats       ]     FA: VM Strong Roots               3 us, workers (us):   2,   1,   0,   0, 
[1.598s][info][gc,stats       ]     FA: VM Weak Roots                36 us, workers (us):  18,  17,   1,   0, 
[1.598s][info][gc,stats       ]     FA: CLDG Roots                   18 us, workers (us):  15,   2,   1,   0, 
[1.598s][info][gc,stats       ]   Copy Objects                     2233 us
[1.598s][info][gc,stats       ]     Regular Objects                 755 us
[1.598s][info][gc,stats       ]     Humongous Objects                24 us
[1.598s][info][gc,stats       ]     Reset Complete Bitmap          1267 us
[1.598s][info][gc,stats       ]     Rebuild Region Sets             187 us
[1.598s][info][gc,stats       ]   Post Heap Dump                      2 us
[1.598s][info][gc,stats       ] 
[1.598s][info][gc,stats       ] Allocation pacing accrued:
[1.598s][info][gc,stats       ]       0 of    23 ms (  0.0%): <total>
[1.598s][info][gc,stats       ]       0 of    23 ms (  0.0%): <average total>
[1.598s][info][gc,stats       ] 
[1.598s][info][gc,metaspace   ] Metaspace: 813K(960K)->825K(960K) NonClass: 750K(832K)->761K(832K) Class: 63K(128K)->63K(128K)
[1.598s][info][gc,ergo        ] Pacer for Idle. Initial: 10485K, Alloc Tax Rate: 1.0x
[1.600s][info][gc             ] Trigger: Handle Allocation Failure
[1.600s][info][gc,ergo        ] Free: 3439K, Max: 256K regular, 2560K humongous, Frag: 17% external, 25% internal; Reserve: 26368K, Max: 256K
[1.600s][info][gc,start       ] GC(11) Pause Degenerated GC (Outside of Cycle)
[1.600s][info][gc,task        ] GC(11) Using 4 of 4 workers for stw degenerated gc
[1.601s][info][gc,ref         ] GC(11) Clearing All SoftReferences
[1.603s][info][gc,ref         ] GC(11) Encountered references: Soft: 44, Weak: 107, Final: 0, Phantom: 19
[1.603s][info][gc,ref         ] GC(11) Discovered  references: Soft: 42, Weak: 68, Final: 0, Phantom: 9
[1.603s][info][gc,ref         ] GC(11) Enqueued    references: Soft: 2, Weak: 2, Final: 0, Phantom: 1
[1.603s][info][gc,ergo        ] GC(11) Adaptive CSet Selection. Target Free: 74274K, Actual Free: 29440K, Max CSet: 21845K, Min Garbage: 44834K
[1.603s][info][gc,ergo        ] GC(11) Collectable Garbage: 27760B (100%), Immediate: 0B (0%), CSet: 27760B (100%)
[1.607s][info][gc,ergo        ] GC(11) Bad progress for free space: 2816K, need 5242K
[1.607s][info][gc             ] GC(11) Cancelling GC: Upgrade To Full GC
[1.608s][info][gc,phases,start] GC(11) Phase 1: Mark live objects
[1.608s][info][gc,ref         ] GC(11) Clearing All SoftReferences
[1.608s][info][gc,ref         ] GC(11) Clearing All SoftReferences
[1.610s][info][gc,ref         ] GC(11) Encountered references: Soft: 42, Weak: 105, Final: 0, Phantom: 18
[1.610s][info][gc,ref         ] GC(11) Discovered  references: Soft: 41, Weak: 87, Final: 0, Phantom: 16
[1.610s][info][gc,ref         ] GC(11) Enqueued    references: Soft: 0, Weak: 0, Final: 0, Phantom: 0
[1.611s][info][gc,phases      ] GC(11) Phase 1: Mark live objects 2.388ms
[1.611s][info][gc,phases,start] GC(11) Phase 2: Compute new object addresses
[1.611s][info][gc,phases      ] GC(11) Phase 2: Compute new object addresses 0.781ms
[1.611s][info][gc,phases,start] GC(11) Phase 3: Adjust pointers
[1.612s][info][gc,phases      ] GC(11) Phase 3: Adjust pointers 1.039ms
[1.613s][info][gc,phases,start] GC(11) Phase 4: Move objects
[1.615s][info][gc,phases      ] GC(11) Phase 4: Move objects 2.027ms
[1.615s][info][gc,ergo        ] GC(11) Bad progress for free space: 3466K, need 5242K
[1.615s][info][gc             ] GC(11) Pause Degenerated GC (Outside of Cycle) 471M->471M(512M) 14.794ms
[1.615s][info][gc,ergo        ] Free: 3466K, Max: 256K regular, 2560K humongous, Frag: 24% external, 24% internal; Reserve: 26368K, Max: 256K
[1.615s][info][gc,stats       ] 
[1.615s][info][gc,stats       ] All times are wall-clock times, except per-root-class counters, that are sum over
[1.615s][info][gc,stats       ] all workers. Dividing the <total> over the root stage time estimates parallelism.
[1.615s][info][gc,stats       ] 
[1.615s][info][gc,stats       ] Pause Degenerated GC (G)          15284 us
[1.615s][info][gc,stats       ] Pause Degenerated GC (N)          14810 us
[1.615s][info][gc,stats       ]   Degen STW Mark                   1619 us, parallelism: 2.99x
[1.615s][info][gc,stats       ]     DSM: <total>                   4839 us
[1.615s][info][gc             ] Failed to allocate Shared, 10240K
[1.615s][info][gc             ] Cancelling GC: Allocation Failure
[1.615s][info][gc,stats       ]     DSM: Thread Roots               335 us, workers (us): 327,   4,   2,   1, 
[1.615s][info][gc,stats       ]     DSM: VM Strong Roots              7 us, workers (us):   0,   1,   5,   0, 
[1.615s][info][gc,stats       ]     DSM: CLDG Roots                  66 us, workers (us):   1,  62,   2,   1, 
[1.615s][info][gc,stats       ]     DSM: Parallel Mark             4431 us, workers (us): 1013, 1033, 1134, 1252, 
[1.615s][info][gc,stats       ]     System Purge                    662 us
[1.615s][info][gc,stats       ]       Weak References               236 us, parallelism: 0.05x
[1.615s][info][gc,stats       ]         WRP: <total>                 11 us
[1.615s][info][gc,stats       ]         WRP: Weak References         11 us, workers (us):  11,   0,   0,   0, 
[1.615s][info][gc,stats       ]       Unload Classes                288 us, parallelism: 1.64x
[1.615s][info][gc,stats       ]         DCU: <total>                473 us
[1.615s][info][gc,stats       ]         DCU: Unload Code Caches      473 us, workers (us): 169, 130, 120,  54, 
[1.615s][info][gc,stats       ]       Weak Roots                    135 us, parallelism: 0.35x
[1.616s][info][gc,stats       ]         DWR: <total>                 48 us
[1.616s][info][gc,stats       ]         DWR: VM Weak Roots           48 us, workers (us):  43,   1,   2,   2, 
[1.616s][info][gc,stats       ]       CLDG                            1 us
[1.616s][info][gc,stats       ]   Update Region States              238 us
[1.616s][info][gc,stats       ]   Manage GC/TLABs                     6 us
[1.616s][info][gc,stats       ]   Choose Collection Set              92 us
[1.616s][info][gc,stats       ]   Rebuild Free Set                   29 us
[1.616s][info][gc,stats       ]   Evacuation                        897 us
[1.616s][info][gc,stats       ]   Manage GCLABs                       5 us
[1.616s][info][gc,stats       ]   Update References                1230 us
[1.616s][info][gc,stats       ]   Update Region States              186 us
[1.616s][info][gc,stats       ]   Trash Collection Set                5 us
[1.616s][info][gc,stats       ]   Rebuild Free Set                   38 us
[1.616s][info][gc,stats       ]   Degen Update Roots                549 us, parallelism: 0.90x
[1.616s][info][gc,stats       ]     DU: <total>                     492 us
[1.616s][info][gc,stats       ]     DU: Thread Roots                 81 us, workers (us):   1,  50,  28,   1, 
[1.616s][info][gc,stats       ]     DU: Code Cache Roots            308 us, workers (us): 306,   1,   1,   1, 
[1.616s][info][gc,stats       ]     DU: VM Strong Roots               6 us, workers (us):   4,   1,   1,   1, 
[1.616s][info][gc,stats       ]     DU: VM Weak Roots                59 us, workers (us):  56,   1,   1,   1, 
[1.616s][info][gc,stats       ]     DU: CLDG Roots                   38 us, workers (us):  33,   2,   1,   2, 
[1.616s][info][gc,stats       ]   Cleanup                           118 us
[1.616s][info][gc,stats       ]   Pre Heap Dump                       1 us
[1.616s][info][gc,stats       ]   Prepare                          1112 us
[1.616s][info][gc,stats       ]   Mark                             2337 us, parallelism: 1.57x
[1.616s][info][gc,stats       ]     FM: <total>                    3665 us
[1.616s][info][gc,stats       ]     FM: Thread Roots                 76 us, workers (us):  30,  43,   2,   2, 
[1.616s][info][gc,stats       ]     FM: VM Strong Roots               4 us, workers (us):   0,   3,   0,   0, 
[1.616s][info][gc,stats       ]     FM: CLDG Roots                   61 us, workers (us):  56,   1,   2,   1, 
[1.616s][info][gc,stats       ]     FM: Parallel Mark              3524 us, workers (us): 1134, 1131, 1054, 205, 
[1.616s][info][gc,stats       ]     System Purge                    659 us
[1.616s][info][gc,stats       ]       Weak References               291 us, parallelism: 0.04x
[1.616s][info][gc,stats       ]         WRP: <total>                 13 us
[1.616s][info][gc,stats       ]         WRP: Weak References         13 us, workers (us):  12,   0,   0,   1, 
[1.616s][info][gc,stats       ]       Unload Classes                226 us, parallelism: 1.40x
[1.616s][info][gc,stats       ]         CU: <total>                 317 us
[1.616s][info][gc,stats       ]         CU: Unload Code Caches      317 us, workers (us): 129, 121,  67,   0, 
[1.616s][info][gc,stats       ]       Weak Roots                    138 us, parallelism: 0.30x
[1.616s][info][gc,stats       ]         WR: <total>                  41 us
[1.616s][info][gc,stats       ]         WR: VM Weak Roots            41 us, workers (us):  38,   1,   1,   1, 
[1.616s][info][gc,stats       ]       CLDG                            1 us
[1.616s][info][gc,stats       ]   Calculate Addresses               767 us
[1.616s][info][gc,stats       ]     Regular Objects                 702 us
[1.616s][info][gc,stats       ]     Humongous Objects                20 us
[1.616s][info][gc,stats       ]   Adjust Pointers                  1026 us
[1.616s][info][gc,stats       ]     FA: <total>                     375 us
[1.616s][info][gc,stats       ]     FA: Thread Roots                 31 us, workers (us):   1,  29,   0,   0, 
[1.616s][info][gc,stats       ]     FA: Code Cache Roots            251 us, workers (us): 250,   0,   0,   0, 
[1.616s][info][gc,stats       ]     FA: VM Strong Roots               4 us, workers (us):   4,   0,   0,   0, 
[1.616s][info][gc,stats       ]     FA: VM Weak Roots                75 us, workers (us):  71,   4,   0,   0, 
[1.616s][info][gc,stats       ]     FA: CLDG Roots                   15 us, workers (us):   2,  13,   0,   0, 
[1.616s][info][gc,stats       ]   Copy Objects                     2016 us
[1.616s][info][gc,stats       ]     Regular Objects                 723 us
[1.616s][info][gc,stats       ]     Humongous Objects                16 us
[1.616s][info][gc,stats       ]     Reset Complete Bitmap          1196 us
[1.616s][info][gc,stats       ]     Rebuild Region Sets              79 us
[1.616s][info][gc,stats       ]   Post Heap Dump                      1 us
[1.616s][info][gc,stats       ] 
[1.616s][info][gc,stats       ] Allocation pacing accrued:
[1.616s][info][gc,stats       ]       0 of    18 ms (  0.0%): <total>
[1.616s][info][gc,stats       ]       0 of    18 ms (  0.0%): <average total>
[1.616s][info][gc,stats       ] 
[1.616s][info][gc,metaspace   ] Metaspace: 833K(960K)->840K(960K) NonClass: 768K(832K)->775K(832K) Class: 64K(128K)->64K(128K)
[1.616s][info][gc,ergo        ] Pacer for Idle. Initial: 10485K, Alloc Tax Rate: 1.0x
[1.618s][info][gc             ] Trigger: Handle Allocation Failure
[1.618s][info][gc,ergo        ] Free: 3417K, Max: 256K regular, 2560K humongous, Frag: 24% external, 16% internal; Reserve: 26368K, Max: 256K
[1.618s][info][gc,start       ] GC(12) Pause Degenerated GC (Outside of Cycle)
[1.618s][info][gc,task        ] GC(12) Using 4 of 4 workers for stw degenerated gc
[1.618s][info][gc,ref         ] GC(12) Clearing All SoftReferences
[1.620s][info][gc,ref         ] GC(12) Encountered references: Soft: 42, Weak: 105, Final: 0, Phantom: 18
[1.620s][info][gc,ref         ] GC(12) Discovered  references: Soft: 40, Weak: 87, Final: 0, Phantom: 16
[1.620s][info][gc,ref         ] GC(12) Enqueued    references: Soft: 0, Weak: 0, Final: 0, Phantom: 0
[1.620s][info][gc,ergo        ] GC(12) Adaptive CSet Selection. Target Free: 74274K, Actual Free: 29696K, Max CSet: 21845K, Min Garbage: 44578K
[1.620s][info][gc,ergo        ] GC(12) Collectable Garbage: 12672B (100%), Immediate: 0B (0%), CSet: 12672B (100%)
[1.623s][info][gc,ergo        ] GC(12) Bad progress for free space: 3072K, need 5242K
[1.624s][info][gc             ] GC(12) Cancelling GC: Upgrade To Full GC
[1.625s][info][gc,phases,start] GC(12) Phase 1: Mark live objects
[1.625s][info][gc,ref         ] GC(12) Clearing All SoftReferences
[1.625s][info][gc,ref         ] GC(12) Clearing All SoftReferences
[1.626s][info][gc,ref         ] GC(12) Encountered references: Soft: 42, Weak: 105, Final: 0, Phantom: 18
[1.626s][info][gc,ref         ] GC(12) Discovered  references: Soft: 40, Weak: 84, Final: 0, Phantom: 16
[1.626s][info][gc,ref         ] GC(12) Enqueued    references: Soft: 0, Weak: 0, Final: 0, Phantom: 0
[1.627s][info][gc,phases      ] GC(12) Phase 1: Mark live objects 1.787ms
[1.627s][info][gc,phases,start] GC(12) Phase 2: Compute new object addresses
[1.627s][info][gc,phases      ] GC(12) Phase 2: Compute new object addresses 0.699ms
[1.627s][info][gc,phases,start] GC(12) Phase 3: Adjust pointers
[1.629s][info][gc,phases      ] GC(12) Phase 3: Adjust pointers 1.320ms
[1.629s][info][gc,phases,start] GC(12) Phase 4: Move objects
[1.631s][info][gc,phases      ] GC(12) Phase 4: Move objects 1.834ms
[1.631s][info][gc,ergo        ] GC(12) Bad progress for free space: 3424K, need 5242K
[1.631s][info][gc             ] GC(12) Pause Degenerated GC (Outside of Cycle) 471M->471M(512M) 12.869ms
[1.631s][info][gc,ergo        ] Free: 3424K, Max: 256K regular, 2560K humongous, Frag: 17% external, 25% internal; Reserve: 26368K, Max: 256K
[1.631s][info][gc,stats       ] 
[1.631s][info][gc,stats       ] All times are wall-clock times, except per-root-class counters, that are sum over
[1.631s][info][gc,stats       ] all workers. Dividing the <total> over the root stage time estimates parallelism.
[1.631s][info][gc,stats       ] 
[1.631s][info][gc,stats       ] Pause Degenerated GC (G)          13349 us
[1.631s][info][gc,stats       ] Pause Degenerated GC (N)          12885 us
[1.631s][info][gc,stats       ]   Degen STW Mark                   1352 us, parallelism: 2.51x
[1.631s][info][gc,stats       ]     DSM: <total>                   3398 us
[1.631s][info][gc,stats       ]     DSM: Thread Roots               126 us, workers (us): 122,   2,   0,   1, 
[1.631s][info][gc,stats       ]     DSM: VM Strong Roots              5 us, workers (us):   0,   0,   4,   1, 
[1.631s][info][gc,stats       ]     DSM: CLDG Roots                  60 us, workers (us):   1,  57,   1,   1, 
[1.631s][info][gc,stats       ]     DSM: Parallel Mark             3207 us, workers (us): 991, 1055, 1032, 129, 
[1.631s][info][gc,stats       ]     System Purge                    507 us
[1.631s][info][gc,stats       ]       Weak References               150 us, parallelism: 0.09x
[1.631s][info][gc,stats       ]         WRP: <total>                 13 us
[1.631s][info][gc,stats       ]         WRP: Weak References         13 us, workers (us):  13,   0,   0,   0, 
[1.631s][info][gc,stats       ]       Unload Classes                229 us, parallelism: 1.49x
[1.631s][info][gc,stats       ]         DCU: <total>                341 us
[1.631s][info][gc,stats       ]         DCU: Unload Code Caches      341 us, workers (us): 131, 100, 111,   0, 
[1.631s][info][gc,stats       ]       Weak Roots                    124 us, parallelism: 0.43x
[1.631s][info][gc,stats       ]         DWR: <total>                 54 us
[1.631s][info][gc,stats       ]         DWR: VM Weak Roots           54 us, workers (us):  24,  16,  12,   2, 
[1.631s][info][gc,stats       ]       CLDG                            1 us
[1.631s][info][gc,stats       ]   Update Region States              160 us
[1.631s][info][gc,stats       ]   Manage GC/TLABs                     5 us
[1.631s][info][gc,stats       ]   Choose Collection Set              87 us
[1.631s][info][gc,stats       ]   Rebuild Free Set                   25 us
[1.631s][info][gc,stats       ]   Evacuation                        715 us
[1.631s][info][gc,stats       ]   Manage GCLABs                       6 us
[1.631s][info][gc,stats       ]   Update References                1226 us
[1.631s][info][gc,stats       ]   Update Region States              151 us
[1.631s][info][gc,stats       ]   Trash Collection Set                5 us
[1.631s][info][gc,stats       ]   Rebuild Free Set                   36 us
[1.631s][info][gc,stats       ]   Degen Update Roots                441 us, parallelism: 1.00x
[1.631s][info][gc,stats       ]     DU: <total>                     441 us
[1.631s][info][gc,stats       ]     DU: Thread Roots                 81 us, workers (us):  48,   2,  31,   1, 
[1.631s][info][gc,stats       ]     DU: Code Cache Roots            284 us, workers (us):   1, 283,   0,   0, 
[1.631s][info][gc,stats       ]     DU: VM Strong Roots               4 us, workers (us):   3,   1,   0,   0, 
[1.631s][info][gc,stats       ]     DU: VM Weak Roots                47 us, workers (us):  28,  18,   1,   0, 
[1.631s][info][gc,stats       ]     DU: CLDG Roots                   25 us, workers (us):  21,   3,   1,   0, 
[1.631s][info][gc,stats       ]   Cleanup                           115 us
[1.631s][info][gc,stats       ]   Pre Heap Dump                       1 us
[1.631s][info][gc,stats       ]   Prepare                          1163 us
[1.631s][info][gc,stats       ]   Mark                             1739 us, parallelism: 1.85x
[1.631s][info][gc,stats       ]     FM: <total>                    3222 us
[1.632s][info][gc,stats       ]     FM: Thread Roots                 81 us, workers (us):  59,  19,   2,   1, 
[1.632s][info][gc,stats       ]     FM: VM Strong Roots               5 us, workers (us):   4,   0,   1,   0, 
[1.632s][info][gc,stats       ]     FM: CLDG Roots                   63 us, workers (us):   1,  59,   2,   1, 
[1.632s][info][gc,stats       ]     FM: Parallel Mark              3073 us, workers (us): 795, 739, 801, 738, 
[1.632s][info][gc,stats       ]     System Purge                    621 us
[1.632s][info][gc,stats       ]       Weak References               193 us, parallelism: 0.06x
[1.632s][info][gc,stats       ]         WRP: <total>                 12 us
[1.632s][info][gc,stats       ]         WRP: Weak References         12 us, workers (us):  11,   0,   0,   1, 
[1.632s][info][gc,stats       ]       Unload Classes                249 us, parallelism: 1.26x
[1.632s][info][gc,stats       ]         CU: <total>                 315 us
[1.632s][info][gc,stats       ]         CU: Unload Code Caches      315 us, workers (us): 139, 108,  67,   0, 
[1.632s][info][gc,stats       ]       Weak Roots                    175 us, parallelism: 0.24x
[1.632s][info][gc,stats       ]         WR: <total>                  43 us
[1.632s][info][gc,stats       ]         WR: VM Weak Roots            43 us, workers (us):  36,   4,   1,   1, 
[1.632s][info][gc,stats       ]       CLDG                            1 us
[1.632s][info][gc,stats       ]   Calculate Addresses               687 us
[1.632s][info][gc,stats       ]     Regular Objects                 626 us
[1.632s][info][gc,stats       ]     Humongous Objects                29 us
[1.632s][info][gc,stats       ]   Adjust Pointers                  1305 us
[1.632s][info][gc,stats       ]     FA: <total>                     441 us
[1.632s][info][gc,stats       ]     FA: Thread Roots                 63 us, workers (us):  61,   2,   0,   0, 
[1.632s][info][gc,stats       ]     FA: Code Cache Roots            316 us, workers (us):   1, 315,   0,   0, 
[1.632s][info][gc,stats       ]     FA: VM Strong Roots               4 us, workers (us):   3,   1,   0,   0, 
[1.632s][info][gc,stats       ]     FA: VM Weak Roots                35 us, workers (us):  33,   1,   1,   0, 
[1.632s][info][gc,stats       ]     FA: CLDG Roots                   23 us, workers (us):  21,   2,   0,   0, 
[1.632s][info][gc,stats       ]   Copy Objects                     1812 us
[1.632s][info][gc,stats       ]     Regular Objects                 677 us
[1.632s][info][gc,stats       ]     Humongous Objects                24 us
[1.632s][info][gc,stats       ]     Reset Complete Bitmap          1013 us
[1.632s][info][gc,stats       ]     Rebuild Region Sets              96 us
[1.632s][info][gc,stats       ]   Post Heap Dump                      1 us
[1.632s][info][gc,stats       ] 
[1.632s][info][gc,stats       ] Allocation pacing accrued:
[1.632s][info][gc,stats       ]       0 of    16 ms (  0.0%): <total>
[1.632s][info][gc,stats       ]       0 of    16 ms (  0.0%): <average total>
[1.632s][info][gc,stats       ] 
[1.632s][info][gc,metaspace   ] Metaspace: 840K(960K)->841K(960K) NonClass: 775K(832K)->776K(832K) Class: 64K(128K)->64K(128K)
[1.632s][info][gc,ergo        ] Pacer for Idle. Initial: 10485K, Alloc Tax Rate: 1.0x
[1.633s][info][gc             ] Trigger: Free (3297K) is below minimum threshold (52428K)
[1.633s][info][gc,ergo        ] Free: 3297K, Max: 256K regular, 2560K humongous, Frag: 17% external, 28% internal; Reserve: 26368K, Max: 256K
[1.633s][info][gc,start       ] GC(13) Concurrent reset
[1.633s][info][gc,task        ] GC(13) Using 2 of 4 workers for concurrent reset
[1.633s][info][gc,ergo        ] GC(13) Pacer for Reset. Non-Taxable: 512M
[1.634s][info][gc             ] GC(13) Concurrent reset 0.593ms
[1.634s][info][gc,start       ] GC(13) Pause Init Mark (unload classes)
[1.634s][info][gc,task        ] GC(13) Using 4 of 4 workers for init marking
[1.634s][info][gc,ergo        ] GC(13) Pacer for Mark. Expected Live: 1056M, Free: 3288K, Non-Taxable: 328K, Alloc Tax Rate: 402.0x
[1.634s][info][gc             ] GC(13) Pause Init Mark (unload classes) 0.203ms
[1.634s][info][gc,start       ] GC(13) Concurrent marking roots
[1.635s][info][gc,task        ] GC(13) Using 2 of 4 workers for concurrent marking roots
[1.635s][info][gc             ] GC(13) Concurrent marking roots 0.924ms
[1.635s][info][gc,start       ] GC(13) Concurrent marking (unload classes)
[1.635s][info][gc,task        ] GC(13) Using 2 of 4 workers for concurrent marking
[1.638s][info][gc             ] Cancelling GC: Stopping VM
[1.638s][info][gc             ] GC(13) Concurrent marking (unload classes) 2.810ms
[1.638s][info][gc,ergo        ] Free: 3173K, Max: 256K regular, 2560K humongous, Frag: 10% external, 11% internal; Reserve: 26368K, Max: 256K
[1.638s][info][gc,stats       ] 
[1.638s][info][gc,stats       ] All times are wall-clock times, except per-root-class counters, that are sum over
[1.638s][info][gc,stats       ] all workers. Dividing the <total> over the root stage time estimates parallelism.
[1.638s][info][gc,stats       ] 
[1.638s][info][gc,stats       ] Concurrent Reset                    713 us
[1.638s][info][gc,stats       ] Pause Init Mark (G)                 587 us
[1.638s][info][gc,stats       ] Pause Init Mark (N)                 216 us
[1.638s][info][gc,stats       ]   Update Region States              119 us
[1.639s][info][gc,stats       ] Concurrent Mark Roots               947 us, parallelism: 1.23x
[1.639s][info][gc,stats       ]   CMR: <total>                     1167 us
[1.639s][info][gc,stats       ]   CMR: Thread Roots                1103 us, workers (us): 592, 511, ---, ---, 
[1.639s][info][gc,stats       ]   CMR: VM Strong Roots                6 us, workers (us):   5,   1, ---, ---, 
[1.639s][info][gc,stats       ]   CMR: CLDG Roots                    58 us, workers (us):  58, ---, ---, ---, 
[1.639s][info][gc,stats       ] 
[1.639s][info][gc,stats       ] Allocation pacing accrued:
[1.639s][info][gc,stats       ]       0 of     7 ms (  0.0%): <total>
[1.639s][info][gc,stats       ]       0 of     7 ms (  0.0%): <average total>
[1.639s][info][gc,stats       ] 
[1.639s][info][gc,metaspace   ] Metaspace: 845K(960K)->868K(1024K) NonClass: 780K(832K)->801K(896K) Class: 64K(128K)->67K(128K)
[1.639s][info][gc,ergo        ] Pacer for Idle. Initial: 10485K, Alloc Tax Rate: 1.0x
[1.640s][info][gc,heap,exit   ] Heap
[1.640s][info][gc,heap,exit   ] Shenandoah Heap
[1.640s][info][gc,heap,exit   ]  512M max, 512M soft max, 512M committed, 471M used
[1.640s][info][gc,heap,exit   ]  2048 x 256K regions
[1.640s][info][gc,heap,exit   ] Status: marking, cancelled
[1.640s][info][gc,heap,exit   ] Reserved region:
[1.640s][info][gc,heap,exit   ]  - [0x00000000e0000000, 0x0000000100000000) 
[1.640s][info][gc,heap,exit   ] Collection set:
[1.640s][info][gc,heap,exit   ]  - map (vanilla): 0x0000000000013800
[1.640s][info][gc,heap,exit   ]  - map (biased):  0x0000000000010000
[1.640s][info][gc,heap,exit   ] 
[1.640s][info][gc,heap,exit   ]  Metaspace       used 871K, committed 1024K, reserved 1114112K
[1.640s][info][gc,heap,exit   ]   class space    used 67K, committed 128K, reserved 1048576K
[1.640s][info][gc,stats       ] 
[1.640s][info][gc,stats       ] GC STATISTICS:
[1.640s][info][gc,stats       ]   "(G)" (gross) pauses include VM time: time to notify and block threads, do the pre-
[1.640s][info][gc,stats       ]         and post-safepoint housekeeping. Use -Xlog:safepoint+stats to dissect.
[1.640s][info][gc,stats       ]   "(N)" (net) pauses are the times spent in the actual GC code.
[1.640s][info][gc,stats       ]   "a" is average time for each phase, look at levels to see if average makes sense.
[1.640s][info][gc,stats       ]   "lvls" are quantiles: 0% (minimum), 25%, 50% (median), 75%, 100% (maximum).
[1.640s][info][gc,stats       ] 
[1.640s][info][gc,stats       ]   All times are wall-clock times, except per-root-class counters, that are sum over
[1.640s][info][gc,stats       ]   all workers. Dividing the <total> over the root stage time estimates parallelism.
[1.640s][info][gc,stats       ] 
[1.640s][info][gc,stats       ]   Pacing delays are measured from entering the pacing code till exiting it. Therefore,
[1.640s][info][gc,stats       ]   observed pacing delays may be higher than the threshold when paced thread spent more
[1.640s][info][gc,stats       ]   time in the pacing code. It usually happens when thread is de-scheduled while paced,
[1.640s][info][gc,stats       ]   OS takes longer to unblock the thread, or JVM experiences an STW pause.
[1.640s][info][gc,stats       ] 
[1.640s][info][gc,stats       ]   Higher delay would prevent application outpacing the GC, but it will hide the GC latencies
[1.640s][info][gc,stats       ]   from the STW pause times. Pacing affects the individual threads, and so it would also be
[1.640s][info][gc,stats       ]   invisible to the usual profiling tools, but would add up to end-to-end application latency.
[1.640s][info][gc,stats       ]   Raise max pacing delay with care.
[1.640s][info][gc,stats       ] 
[1.640s][info][gc,stats       ] Concurrent Reset               =    0.024 s (a =     2424 us) (n =    10) (lvls, us =      711,      996,     1465,     1895,     8027)
[1.641s][info][gc,stats       ] Pause Init Mark (G)            =    0.079 s (a =     7946 us) (n =    10) (lvls, us =      430,      498,     1719,    13672,    17285)
[1.641s][info][gc,stats       ] Pause Init Mark (N)            =    0.004 s (a =      446 us) (n =    10) (lvls, us =      215,      252,      357,      389,     1276)
[1.641s][info][gc,stats       ]   Update Region States         =    0.002 s (a =      200 us) (n =    10) (lvls, us =      117,      160,      168,      182,      378)
[1.641s][info][gc,stats       ] Concurrent Mark Roots          =    0.010 s (a =      974 us) (n =    10) (lvls, us =      613,      857,      986,     1035,     1181)
[1.641s][info][gc,stats       ]   CMR: <total>                 =    0.010 s (a =      984 us) (n =    10) (lvls, us =      602,      660,      805,     1152,     1545)
[1.641s][info][gc,stats       ]   CMR: Thread Roots            =    0.008 s (a =      817 us) (n =    10) (lvls, us =      525,      576,      678,      750,     1419)
[1.641s][info][gc,stats       ]   CMR: VM Strong Roots         =    0.001 s (a =       74 us) (n =    10) (lvls, us =        6,        6,        8,       10,      592)
[1.641s][info][gc,stats       ]   CMR: CLDG Roots              =    0.001 s (a =       93 us) (n =    10) (lvls, us =       54,       55,       69,       76,      243)
[1.641s][info][gc,stats       ] Concurrent Marking             =    0.050 s (a =     5540 us) (n =     9) (lvls, us =     1738,     2168,     2578,     3867,    15557)
[1.641s][info][gc,stats       ] Pause Final Mark (G)           =    0.010 s (a =     1093 us) (n =     9) (lvls, us =      736,      770,      842,      947,     1960)
[1.641s][info][gc,stats       ] Pause Final Mark (N)           =    0.008 s (a =      866 us) (n =     9) (lvls, us =      527,      680,      723,      844,     1720)
[1.641s][info][gc,stats       ]   Finish Mark                  =    0.005 s (a =      524 us) (n =     9) (lvls, us =      182,      307,      355,      570,     1300)
[1.641s][info][gc,stats       ]   Update Region States         =    0.001 s (a =      159 us) (n =     9) (lvls, us =       85,      131,      146,      172,      230)
[1.641s][info][gc,stats       ]   Choose Collection Set        =    0.001 s (a =       82 us) (n =     9) (lvls, us =       51,       59,       64,       98,      106)
[1.641s][info][gc,stats       ]   Rebuild Free Set             =    0.000 s (a =       15 us) (n =     9) (lvls, us =       12,       12,       14,       17,       21)
[1.641s][info][gc,stats       ] Concurrent Thread Roots        =    0.006 s (a =      855 us) (n =     7) (lvls, us =      701,      701,      768,      908,     1028)
[1.641s][info][gc,stats       ]   CTR: <total>                 =    0.005 s (a =      700 us) (n =     7) (lvls, us =      564,      564,      676,      732,      904)
[1.641s][info][gc,stats       ]   CTR: Thread Roots            =    0.005 s (a =      700 us) (n =     7) (lvls, us =      564,      564,      676,      732,      904)
[1.641s][info][gc,stats       ] Concurrent Weak References     =    0.002 s (a =      268 us) (n =     9) (lvls, us =      158,      209,      227,      262,      392)
[1.641s][info][gc,stats       ]   CWRF: <total>                =    0.000 s (a =       17 us) (n =     9) (lvls, us =        9,       10,       12,       21,       30)
[1.641s][info][gc,stats       ]   CWRF: Weak References        =    0.000 s (a =       17 us) (n =     9) (lvls, us =        9,       10,       12,       21,       30)
[1.641s][info][gc,stats       ] Concurrent Weak Roots          =    0.006 s (a =      631 us) (n =     9) (lvls, us =      289,      326,      496,      777,      917)
[1.641s][info][gc,stats       ]   Roots                        =    0.004 s (a =      463 us) (n =     9) (lvls, us =      186,      217,      340,      502,      786)
[1.641s][info][gc,stats       ]     CWR: <total>               =    0.002 s (a =      223 us) (n =     9) (lvls, us =      121,      137,      139,      225,      396)
[1.641s][info][gc,stats       ]     CWR: Code Cache Roots      =    0.001 s (a =       88 us) (n =     9) (lvls, us =       63,       73,       78,       89,      137)
[1.641s][info][gc,stats       ]     CWR: VM Weak Roots         =    0.001 s (a =      133 us) (n =     9) (lvls, us =       43,       48,       62,      137,      289)
[1.641s][info][gc,stats       ]     CWR: CLDG Roots            =    0.000 s (a =        3 us) (n =     9) (lvls, us =        2,        2,        2,        3,        4)
[1.641s][info][gc,stats       ]   Rendezvous                   =    0.001 s (a =       97 us) (n =     9) (lvls, us =       46,       48,       57,      123,      205)
[1.641s][info][gc,stats       ] Concurrent Cleanup             =    0.002 s (a =      177 us) (n =     9) (lvls, us =      146,      146,      148,      152,      307)
[1.641s][info][gc,stats       ] Concurrent Class Unloading     =    0.009 s (a =     1053 us) (n =     9) (lvls, us =      600,      646,     1113,     1230,     1291)
[1.641s][info][gc,stats       ]   Unlink Stale                 =    0.006 s (a =      640 us) (n =     9) (lvls, us =      373,      391,      674,      721,      957)
[1.641s][info][gc,stats       ]     System Dictionary          =    0.000 s (a =        5 us) (n =     9) (lvls, us =        4,        4,        4,        5,        6)
[1.641s][info][gc,stats       ]     Weak Class Links           =    0.000 s (a =        0 us) (n =     9) (lvls, us =        0,        0,        0,        1,        1)
[1.641s][info][gc,stats       ]     Code Roots                 =    0.006 s (a =      633 us) (n =     9) (lvls, us =      367,      385,      668,      711,      950)
[1.641s][info][gc,stats       ]   Rendezvous                   =    0.001 s (a =      118 us) (n =     9) (lvls, us =       40,       47,       55,      143,      242)
[1.641s][info][gc,stats       ]   Purge Unlinked               =    0.002 s (a =      209 us) (n =     9) (lvls, us =      125,      141,      160,      264,      324)
[1.641s][info][gc,stats       ]     Code Roots                 =    0.002 s (a =      180 us) (n =     9) (lvls, us =       95,       98,      133,      215,      310)
[1.641s][info][gc,stats       ]     CLDG                       =    0.000 s (a =       29 us) (n =     9) (lvls, us =        8,       11,       13,       43,       52)
[1.641s][info][gc,stats       ]     Exception Caches           =    0.000 s (a =        0 us) (n =     9) (lvls, us =        0,        0,        0,        1,        1)
[1.641s][info][gc,stats       ] Concurrent Strong Roots        =    0.003 s (a =      493 us) (n =     7) (lvls, us =      162,      162,      434,      576,      821)
[1.641s][info][gc,stats       ]   CSR: <total>                 =    0.001 s (a =      174 us) (n =     7) (lvls, us =       26,       26,      121,      203,      426)
[1.641s][info][gc,stats       ]   CSR: VM Strong Roots         =    0.000 s (a =       12 us) (n =     7) (lvls, us =        3,        3,       13,       13,       19)
[1.641s][info][gc,stats       ]   CSR: CLDG Roots              =    0.001 s (a =      162 us) (n =     7) (lvls, us =       23,       23,      107,      189,      407)
[1.641s][info][gc,stats       ] Concurrent Evacuation          =    0.006 s (a =      862 us) (n =     7) (lvls, us =      307,      307,      477,     1094,     1469)
[1.641s][info][gc,stats       ] Pause Final Roots (G)          =    0.001 s (a =      290 us) (n =     2) (lvls, us =       92,       92,       92,       92,      489)
[1.641s][info][gc,stats       ] Pause Final Roots (N)          =    0.000 s (a =       46 us) (n =     2) (lvls, us =       32,       32,       32,       32,       60)
[1.641s][info][gc,stats       ] Pause Init Update Refs (G)     =    0.015 s (a =     2536 us) (n =     6) (lvls, us =       85,       85,      152,      229,    14383)
[1.641s][info][gc,stats       ] Pause Init Update Refs (N)     =    0.000 s (a =       72 us) (n =     6) (lvls, us =       43,       43,       69,       79,      109)
[1.641s][info][gc,stats       ]   Manage GCLABs                =    0.000 s (a =        5 us) (n =     6) (lvls, us =        3,        3,        4,        4,        8)
[1.641s][info][gc,stats       ] Concurrent Update Refs         =    0.012 s (a =     1956 us) (n =     6) (lvls, us =     1406,     1406,     1777,     2051,     2700)
[1.641s][info][gc,stats       ] Concurrent Update Thread Roots =    0.031 s (a =     5091 us) (n =     6) (lvls, us =      609,      609,      729,     1016,    15846)
[1.641s][info][gc,stats       ] Pause Final Update Refs (G)    =    0.017 s (a =     2910 us) (n =     6) (lvls, us =      279,      279,      414,      457,    15469)
[1.641s][info][gc,stats       ] Pause Final Update Refs (N)    =    0.002 s (a =      282 us) (n =     6) (lvls, us =      238,      238,      258,      270,      396)
[1.641s][info][gc,stats       ]   Update Region States         =    0.001 s (a =      166 us) (n =     6) (lvls, us =      129,      129,      145,      156,      269)
[1.641s][info][gc,stats       ]   Trash Collection Set         =    0.000 s (a =        4 us) (n =     6) (lvls, us =        4,        4,        4,        5,        5)
[1.642s][info][gc,stats       ]   Rebuild Free Set             =    0.000 s (a =       23 us) (n =     6) (lvls, us =       12,       12,       19,       25,       34)
[1.642s][info][gc,stats       ] Concurrent Cleanup             =    0.001 s (a =      206 us) (n =     6) (lvls, us =      150,      150,      172,      176,      377)
[1.642s][info][gc,stats       ] Pause Degenerated GC (G)       =    0.222 s (a =    55594 us) (n =     4) (lvls, us =    13281,    13281,    15234,    18750,   174885)
[1.642s][info][gc,stats       ] Pause Degenerated GC (N)       =    0.219 s (a =    54844 us) (n =     4) (lvls, us =    12695,    12695,    14648,    17383,   174124)
[1.642s][info][gc,stats       ]   Degen STW Mark               =    0.004 s (a =     1484 us) (n =     3) (lvls, us =     1348,     1348,     1348,     1465,     1619)
[1.642s][info][gc,stats       ]     DSM: <total>               =    0.013 s (a =     4281 us) (n =     3) (lvls, us =     3379,     3379,     3379,     4590,     4839)
[1.642s][info][gc,stats       ]     DSM: Thread Roots          =    0.001 s (a =      220 us) (n =     3) (lvls, us =      125,      125,      125,      197,      335)
[1.642s][info][gc,stats       ]     DSM: VM Strong Roots       =    0.000 s (a =        6 us) (n =     3) (lvls, us =        5,        5,        5,        5,        7)
[1.642s][info][gc,stats       ]     DSM: CLDG Roots            =    0.000 s (a =       66 us) (n =     3) (lvls, us =       60,       60,       60,       66,       70)
[1.642s][info][gc,stats       ]     DSM: Parallel Mark         =    0.012 s (a =     3990 us) (n =     3) (lvls, us =     3203,     3203,     3203,     4316,     4431)
[1.642s][info][gc,stats       ]     System Purge               =    0.002 s (a =      654 us) (n =     3) (lvls, us =      506,      506,      506,      662,      794)
[1.642s][info][gc,stats       ]       Weak References          =    0.001 s (a =      210 us) (n =     3) (lvls, us =      150,      150,      150,      234,      244)
[1.642s][info][gc,stats       ]         WRP: <total>           =    0.000 s (a =       11 us) (n =     3) (lvls, us =       10,       10,       10,       11,       13)
[1.642s][info][gc,stats       ]         WRP: Weak References   =    0.000 s (a =       11 us) (n =     3) (lvls, us =       10,       10,       10,       11,       13)
[1.642s][info][gc,stats       ]       Unload Classes           =    0.001 s (a =      298 us) (n =     3) (lvls, us =      229,      229,      229,      287,      377)
[1.642s][info][gc,stats       ]         DCU: <total>           =    0.001 s (a =      425 us) (n =     3) (lvls, us =      340,      340,      340,      461,      473)
[1.642s][info][gc,stats       ]         DCU: Unload Code Caches =    0.001 s (a =      425 us) (n =     3) (lvls, us =      340,      340,      340,      461,      473)
[1.642s][info][gc,stats       ]       Weak Roots               =    0.000 s (a =      143 us) (n =     3) (lvls, us =      123,      123,      123,      135,      169)
[1.642s][info][gc,stats       ]         DWR: <total>           =    0.000 s (a =       53 us) (n =     3) (lvls, us =       48,       48,       48,       54,       58)
[1.642s][info][gc,stats       ]         DWR: VM Weak Roots     =    0.000 s (a =       53 us) (n =     3) (lvls, us =       48,       48,       48,       54,       58)
[1.642s][info][gc,stats       ]       CLDG                     =    0.000 s (a =        1 us) (n =     3) (lvls, us =        1,        1,        1,        1,        1)
[1.642s][info][gc,stats       ]   Update Region States         =    0.001 s (a =      187 us) (n =     3) (lvls, us =      158,      158,      158,      162,      238)
[1.642s][info][gc,stats       ]   Manage GC/TLABs              =    0.000 s (a =        6 us) (n =     3) (lvls, us =        5,        5,        5,        5,        6)
[1.642s][info][gc,stats       ]   Choose Collection Set        =    0.000 s (a =       95 us) (n =     3) (lvls, us =       86,       86,       86,       92,      105)
[1.642s][info][gc,stats       ]   Rebuild Free Set             =    0.000 s (a =       29 us) (n =     3) (lvls, us =       25,       25,       25,       29,       33)
[1.642s][info][gc,stats       ]   Evacuation                   =    0.003 s (a =      856 us) (n =     4) (lvls, us =      715,      715,      785,      896,     1026)
[1.642s][info][gc,stats       ]   Manage GCLABs                =    0.000 s (a =        5 us) (n =     4) (lvls, us =        4,        4,        5,        6,        6)
[1.642s][info][gc,stats       ]   Update References            =    0.006 s (a =     1609 us) (n =     4) (lvls, us =     1211,     1211,     1211,     1387,     2586)
[1.642s][info][gc,stats       ]   Update Region States         =    0.001 s (a =      175 us) (n =     4) (lvls, us =      150,      150,      170,      186,      194)
[1.642s][info][gc,stats       ]   Trash Collection Set         =    0.000 s (a =        5 us) (n =     4) (lvls, us =        5,        5,        5,        5,        7)
[1.642s][info][gc,stats       ]   Rebuild Free Set             =    0.000 s (a =       37 us) (n =     4) (lvls, us =       22,       22,       36,       38,       51)
[1.642s][info][gc,stats       ]   Degen Update Roots           =    0.003 s (a =      631 us) (n =     4) (lvls, us =      439,      439,      547,      645,      891)
[1.642s][info][gc,stats       ]     DU: <total>                =    0.003 s (a =      728 us) (n =     4) (lvls, us =      439,      439,      490,      527,     1452)
[1.642s][info][gc,stats       ]     DU: Thread Roots           =    0.001 s (a =      339 us) (n =     4) (lvls, us =       80,       80,       81,      113,     1080)
[1.642s][info][gc,stats       ]     DU: Code Cache Roots       =    0.001 s (a =      300 us) (n =     4) (lvls, us =      283,      283,      289,      307,      318)
[1.642s][info][gc,stats       ]     DU: VM Strong Roots        =    0.000 s (a =        5 us) (n =     4) (lvls, us =        4,        4,        4,        6,        7)
[1.642s][info][gc,stats       ]     DU: VM Weak Roots          =    0.000 s (a =       53 us) (n =     4) (lvls, us =       47,       47,       50,       55,       59)
[1.642s][info][gc,stats       ]     DU: CLDG Roots             =    0.000 s (a =       31 us) (n =     4) (lvls, us =       22,       22,       25,       38,       39)
[1.642s][info][gc,stats       ]   Cleanup                      =    0.000 s (a =      120 us) (n =     4) (lvls, us =      115,      115,      117,      117,      127)
[1.642s][info][gc,stats       ]   Pre Heap Dump                =    0.000 s (a =        1 us) (n =     4) (lvls, us =        1,        1,        1,        1,        1)
[1.642s][info][gc,stats       ]   Prepare                      =    0.006 s (a =     1488 us) (n =     4) (lvls, us =     1094,     1094,     1152,     1797,     1877)
[1.642s][info][gc,stats       ]   Mark                         =    0.008 s (a =     1987 us) (n =     4) (lvls, us =     1738,     1738,     1875,     1973,     2337)
[1.642s][info][gc,stats       ]     FM: <total>                =    0.014 s (a =     3536 us) (n =     4) (lvls, us =     3203,     3203,     3379,     3652,     3864)
[1.642s][info][gc,stats       ]     FM: Thread Roots           =    0.000 s (a =       81 us) (n =     4) (lvls, us =       74,       74,       76,       81,       92)
[1.642s][info][gc,stats       ]     FM: VM Strong Roots        =    0.000 s (a =        5 us) (n =     4) (lvls, us =        4,        4,        4,        5,        7)
[1.642s][info][gc,stats       ]     FM: CLDG Roots             =    0.000 s (a =       62 us) (n =     4) (lvls, us =       59,       59,       61,       63,       64)
[1.642s][info][gc,stats       ]     FM: Parallel Mark          =    0.014 s (a =     3388 us) (n =     4) (lvls, us =     3066,     3066,     3223,     3516,     3724)
[1.642s][info][gc,stats       ]     System Purge               =    0.002 s (a =      611 us) (n =     4) (lvls, us =      480,      480,      621,      658,      682)
[1.642s][info][gc,stats       ]       Weak References          =    0.001 s (a =      245 us) (n =     4) (lvls, us =      191,      191,      193,      291,      299)
[1.642s][info][gc,stats       ]         WRP: <total>           =    0.000 s (a =       13 us) (n =     4) (lvls, us =        9,        9,       12,       13,       16)
[1.642s][info][gc,stats       ]         WRP: Weak References   =    0.000 s (a =       13 us) (n =     4) (lvls, us =        9,        9,       12,       13,       16)
[1.642s][info][gc,stats       ]       Unload Classes           =    0.001 s (a =      221 us) (n =     4) (lvls, us =      189,      189,      217,      225,      249)
[1.643s][info][gc,stats       ]         CU: <total>            =    0.001 s (a =      325 us) (n =     4) (lvls, us =      314,      314,      316,      332,      336)
[1.643s][info][gc,stats       ]         CU: Unload Code Caches =    0.001 s (a =      325 us) (n =     4) (lvls, us =      314,      314,      316,      332,      336)
[1.643s][info][gc,stats       ]       Weak Roots               =    0.001 s (a =      141 us) (n =     4) (lvls, us =       64,       64,      137,      174,      188)
[1.643s][info][gc,stats       ]         WR: <total>            =    0.000 s (a =       42 us) (n =     4) (lvls, us =       37,       37,       41,       42,       46)
[1.643s][info][gc,stats       ]         WR: VM Weak Roots      =    0.000 s (a =       42 us) (n =     4) (lvls, us =       37,       37,       41,       42,       46)
[1.643s][info][gc,stats       ]       CLDG                     =    0.000 s (a =        1 us) (n =     4) (lvls, us =        1,        1,        1,        1,        1)
[1.643s][info][gc,stats       ]   Calculate Addresses          =    0.003 s (a =      686 us) (n =     4) (lvls, us =      572,      572,      686,      715,      767)
[1.643s][info][gc,stats       ]     Regular Objects            =    0.002 s (a =      587 us) (n =     4) (lvls, us =      508,      508,      510,      625,      702)
[1.643s][info][gc,stats       ]     Humongous Objects          =    0.000 s (a =       23 us) (n =     4) (lvls, us =       17,       17,       20,       25,       29)
[1.643s][info][gc,stats       ]   Adjust Pointers              =    0.005 s (a =     1264 us) (n =     4) (lvls, us =     1016,     1016,     1055,     1289,     1655)
[1.643s][info][gc,stats       ]     FA: <total>                =    0.002 s (a =      392 us) (n =     4) (lvls, us =      359,      359,      375,      389,      441)
[1.643s][info][gc,stats       ]     FA: Thread Roots           =    0.000 s (a =       54 us) (n =     4) (lvls, us =       31,       31,       56,       63,       67)
[1.643s][info][gc,stats       ]     FA: Code Cache Roots       =    0.001 s (a =      268 us) (n =     4) (lvls, us =      248,      248,      250,      258,      316)
[1.643s][info][gc,stats       ]     FA: VM Strong Roots        =    0.000 s (a =        4 us) (n =     4) (lvls, us =        3,        3,        4,        4,        5)
[1.643s][info][gc,stats       ]     FA: VM Weak Roots          =    0.000 s (a =       45 us) (n =     4) (lvls, us =       35,       35,       36,       36,       75)
[1.643s][info][gc,stats       ]     FA: CLDG Roots             =    0.000 s (a =       20 us) (n =     4) (lvls, us =       15,       15,       18,       23,       24)
[1.643s][info][gc,stats       ]   Copy Objects                 =    0.169 s (a =    42256 us) (n =     4) (lvls, us =     1797,     1797,     2012,     2227,   162964)
[1.643s][info][gc,stats       ]     Regular Objects            =    0.003 s (a =      841 us) (n =     4) (lvls, us =      676,      676,      721,      754,     1209)
[1.643s][info][gc,stats       ]     Humongous Objects          =    0.160 s (a =    40098 us) (n =     4) (lvls, us =       16,       16,       24,       24,   160326)
[1.643s][info][gc,stats       ]     Reset Complete Bitmap      =    0.005 s (a =     1172 us) (n =     4) (lvls, us =      996,      996,     1191,     1211,     1267)
[1.643s][info][gc,stats       ]     Rebuild Region Sets        =    0.001 s (a =      144 us) (n =     4) (lvls, us =       79,       79,       96,      186,      214)
[1.643s][info][gc,stats       ]   Post Heap Dump               =    0.000 s (a =        2 us) (n =     4) (lvls, us =        1,        1,        1,        2,        2)
[1.643s][info][gc,stats       ] Pacing                         =    0.023 s (a =     1752 us) (n =    13) (lvls, us =        0,        0,        0,        0,    10650)
[1.643s][info][gc,stats       ] 
[1.643s][info][gc,stats       ] 
[1.643s][info][gc,stats       ] Under allocation pressure, concurrent cycles may cancel, and either continue cycle
[1.643s][info][gc,stats       ] under stop-the-world pause or result in stop-the-world Full GC. Increase heap size,
[1.643s][info][gc,stats       ] tune GC heuristics, set more aggressive pacing delay, or lower allocation rate
[1.643s][info][gc,stats       ] to avoid Degenerated and Full GC cycles.
[1.643s][info][gc,stats       ] 
[1.643s][info][gc,stats       ]     8 successful concurrent GCs
[1.643s][info][gc,stats       ]       0 invoked explicitly
[1.643s][info][gc,stats       ]       0 invoked implicitly
[1.643s][info][gc,stats       ] 
[1.643s][info][gc,stats       ]     4 Degenerated GCs
[1.643s][info][gc,stats       ]       4 caused by allocation failure
[1.643s][info][gc,stats       ]         3 happened at Outside of Cycle
[1.643s][info][gc,stats       ]         1 happened at Evacuation
[1.643s][info][gc,stats       ]       4 upgraded to Full GC
[1.643s][info][gc,stats       ] 
[1.643s][info][gc,stats       ]     4 Full GCs
[1.643s][info][gc,stats       ]       0 invoked explicitly
[1.643s][info][gc,stats       ]       0 invoked implicitly
[1.643s][info][gc,stats       ]       0 caused by allocation failure
[1.643s][info][gc,stats       ]       4 upgraded from Degenerated GC
[1.643s][info][gc,stats       ] 
[1.643s][info][gc,stats       ] 
